$ ./scripts/benchmark-email-podman.sh config maddy
FROM docker.io/foxcpp/maddy:latest
RUN cat > /data/maddy.conf <<'MADDYCONF'
$(primary_domain) = example.test
$(local_domains) = $(primary_domain)

hostname benchmark.local
tls off

auth.pass_table local_authdb {
    table sql_table {
        driver sqlite3
        dsn credentials.db
        table_name passwords
    }
}

storage.imapsql local_mailboxes {
    driver sqlite3
    dsn imapsql.db
}

table.chain local_rewrites {
    optional_step regexp "(.+)\\+(.+)@(.+)" "$1@$3"
    optional_step static {
        entry postmaster postmaster@$(primary_domain)
    }
}

msgpipeline local_routing {
    destination postmaster $(local_domains) {
        modify {
            replace_rcpt &local_rewrites
        }
        deliver_to &local_mailboxes
    }
    default_destination {
        reject 550 5.1.1 "User doesn't exist"
    }
}

smtp tcp://0.0.0.0:25 {
    limits {
        all concurrency 256
        all rate 10000 1s
    }
    default_source {
        destination postmaster $(local_domains) {
            deliver_to &local_routing
        }
        default_destination {
            reject 550 5.1.1 "User doesn't exist"
        }
    }
}

imap tcp://0.0.0.0:143 {
    auth &local_authdb
    storage &local_mailboxes
}
MADDYCONF
RUN maddy --config /data/maddy.conf verify-config \
 && maddy --config /data/maddy.conf creds create -p bench bench@example.test \
 && maddy --config /data/maddy.conf imap-acct create bench@example.test \
 && maddy --config /data/maddy.conf creds create -p bench bench \
 && maddy --config /data/maddy.conf imap-acct create bench
EXPOSE 25 143
CMD ["--config", "/data/maddy.conf", "run"]
