$ ./scripts/benchmark-email-podman.sh config dovecot
FROM docker.io/library/debian:trixie-slim
ENV DEBIAN_FRONTEND=noninteractive
RUN apt-get update \
 && apt-get install -y --no-install-recommends dovecot-core dovecot-imapd ca-certificates \
 && rm -rf /var/lib/apt/lists/* \
 && useradd -m -s /usr/sbin/nologin bench \
 && mkdir -p /home/bench/Maildir/{cur,new,tmp} \
 && chown -R bench:bench /home/bench/Maildir \
 && printf 'bench:{PLAIN}bench:1000:1000::/home/bench::\n' > /etc/dovecot/users \
 && printf '%s\n' \
      'dovecot_config_version = 2.4.0' \
      'dovecot_storage_version = 2.4.0' \
      'protocols = imap' \
      'listen = *' \
      'mail_driver = maildir' \
      'mail_path = ~/Maildir' \
      'auth_allow_cleartext = yes' \
      'auth_mechanisms = plain login' \
      'passdb passwd-file {' \
      '  default_password_scheme = plain' \
      '  auth_username_format = %{user}' \
      '  passwd_file_path = /etc/dovecot/users' \
      '}' \
      'userdb passwd-file {' \
      '  auth_username_format = %{user}' \
      '  passwd_file_path = /etc/dovecot/users' \
      '}' \
      'service imap-login {' \
      '  inet_listener imap {' \
      '    port = 143' \
      '  }' \
      '}' \
      > /etc/dovecot/dovecot.conf
EXPOSE 143
CMD ["dovecot", "-F"]
