trace: "S: * LIST (\\Archive) \"/\" Archive\r\n* LIST (\\Drafts) \"/\" Drafts\r\n* LIST () \"/\" Inbox\r\n* LIST (\\Junk) \"/\" Junk\r\n* LIST (\\Sent) \"/\" Sent\r\n* LIST (\\Trash) \"/\" Trash\r\na002 OK LIST done\r\n"; pkg=imapserver; size=177; cid=19ddcc7016f; delta="71.985µs"; username=mox@localhost
trace: "S: * LIST (\\Archive) \"/\" Archive\r\n* LIST (\\Drafts) \"/\" Drafts\r\n* LIST () \"/\" Inbox\r\n* LIST (\\Junk) \"/\" Junk\r\n* LIST (\\Sent) \"/\" Sent\r\n* LIST (\\Trash) \"/\" Trash\r\na002 OK LIST done\r\n"; pkg=imapserver; size=177; cid=19ddcc7016a; delta="74.049µs"; username=mox@localhost
debug: imap command done; pkg=imapserver; cmd=list; duration="77.075µs"; cid=19ddcc7016f; delta="16.542µs"; username=mox@localhost
debug: imap command done; pkg=imapserver; cmd=list; duration="77.786µs"; cid=19ddcc7016a; delta="15.038µs"; username=mox@localhost
trace: "C: a002 LIST \"\" \"*\"\r\n"; pkg=imapserver; size=18; cid=19ddcc70170; delta=1.756524ms; username=mox@localhost
trace: "S: * LIST (\\Archive) \"/\" Archive\r\n* LIST (\\Drafts) \"/\" Drafts\r\n* LIST () \"/\" Inbox\r\n* LIST (\\Junk) \"/\" Junk\r\n* LIST (\\Sent) \"/\" Sent\r\n* LIST (\\Trash) \"/\" Trash\r\na002 OK LIST done\r\n"; pkg=imapserver; size=177; cid=19ddcc70170; delta="46.538µs"; username=mox@localhost
debug: imap command done; pkg=imapserver; cmd=list; duration="55.073µs"; cid=19ddcc70170; delta="16.942µs"; username=mox@localhost
trace: "C: a002 LIST \"\" \"*\"\r\n"; pkg=imapserver; size=18; cid=19ddcc7016c; delta=2.040559ms; username=mox@localhost
trace: "S: * LIST (\\Archive) \"/\" Archive\r\n* LIST (\\Drafts) \"/\" Drafts\r\n* LIST () \"/\" Inbox\r\n* LIST (\\Junk) \"/\" Junk\r\n* LIST (\\Sent) \"/\" Sent\r\n* LIST (\\Trash) \"/\" Trash\r\na002 OK LIST done\r\n"; pkg=imapserver; size=177; cid=19ddcc7016c; delta="51.767µs"; username=mox@localhost
debug: imap command done; pkg=imapserver; cmd=list; duration="57.859µs"; cid=19ddcc7016c; delta="17.082µs"; username=mox@localhost
trace: "C: a002 LIST \"\" \"*\"\r\n"; pkg=imapserver; size=18; cid=19ddcc70171; delta=1.956792ms; username=mox@localhost
trace: "S: * LIST (\\Archive) \"/\" Archive\r\n* LIST (\\Drafts) \"/\" Drafts\r\n* LIST () \"/\" Inbox\r\n* LIST (\\Junk) \"/\" Junk\r\n* LIST (\\Sent) \"/\" Sent\r\n* LIST (\\Trash) \"/\" Trash\r\na002 OK LIST done\r\n"; pkg=imapserver; size=177; cid=19ddcc70171; delta="51.837µs"; username=mox@localhost
debug: imap command done; pkg=imapserver; cmd=list; duration="61.205µs"; cid=19ddcc70171; delta="18.836µs"; username=mox@localhost
trace: "C: a002 LIST \"\" \"*\"\r\n"; pkg=imapserver; size=18; cid=19ddcc7016e; delta=2.042583ms; username=mox@localhost
trace: "S: * LIST (\\Archive) \"/\" Archive\r\n* LIST (\\Drafts) \"/\" Drafts\r\n* LIST () \"/\" Inbox\r\n* LIST (\\Junk) \"/\" Junk\r\n* LIST (\\Sent) \"/\" Sent\r\n* LIST (\\Trash) \"/\" Trash\r\na002 OK LIST done\r\n"; pkg=imapserver; size=177; cid=19ddcc7016e; delta="53.781µs"; username=mox@localhost
debug: imap command done; pkg=imapserver; cmd=list; duration="61.155µs"; cid=19ddcc7016e; delta="16.772µs"; username=mox@localhost
trace: "C: a003 SELECT INBOX\r\n"; pkg=imapserver; size=19; cid=19ddcc7016b; delta="980.013µs"; username=mox@localhost
trace: "S: * FLAGS (\\Seen \\Answered \\Flagged \\Deleted \\Draft $Forwarded $Junk $NotJunk $Phishing $MDNSent)\r\n* OK [PERMANENTFLAGS (\\Seen \\Answered \\Flagged \\Deleted \\Draft $Forwarded $Junk $NotJunk $Phishing $MDNSent \\*)] x\r\n* 0 RECENT\r\n* 50 EXISTS\r\n* OK [UNSEEN 1] x\r\n* OK [UIDVALIDITY 888762761] x\r\n* OK [UIDNEXT 51] x\r\n* LIST () \"/\" Inbox\r\na003 OK [READ-WRITE] x\r\n"; pkg=imapserver; size=355; cid=19ddcc7016b; delta="298.381µs"; username=mox@localhost
debug: imap command done; pkg=imapserver; cmd=select; duration="301.687µs"; cid=19ddcc7016b; delta="14.638µs"; username=mox@localhost
trace: "C: a003 SELECT INBOX\r\n"; pkg=imapserver; size=19; cid=19ddcc70170; delta="967.039µs"; username=mox@localhost
trace: "C: a003 SELECT INBOX\r\n"; pkg=imapserver; size=19; cid=19ddcc7016f; delta=1.205908ms; username=mox@localhost
trace: "C: a003 SELECT INBOX\r\n"; pkg=imapserver; size=19; cid=19ddcc7016a; delta=1.202102ms; username=mox@localhost
trace: "C: a003 SELECT INBOX\r\n"; pkg=imapserver; size=19; cid=19ddcc7016c; delta="901.566µs"; username=mox@localhost
trace: "C: a003 SELECT INBOX\r\n"; pkg=imapserver; size=19; cid=19ddcc7016d; delta=1.241085ms; username=mox@localhost
trace: "C: a003 SELECT INBOX\r\n"; pkg=imapserver; size=19; cid=19ddcc70171; delta="895.284µs"; username=mox@localhost
trace: "S: * FLAGS (\\Seen \\Answered \\Flagged \\Deleted \\Draft $Forwarded $Junk $NotJunk $Phishing $MDNSent)\r\n* OK [PERMANENTFLAGS (\\Seen \\Answered \\Flagged \\Deleted \\Draft $Forwarded $Junk $NotJunk $Phishing $MDNSent \\*)] x\r\n* 0 RECENT\r\n* 50 EXISTS\r\n* OK [UNSEEN 1] x\r\n* OK [UIDVALIDITY 888762761] x\r\n* OK [UIDNEXT 51] x\r\n* LIST () \"/\" Inbox\r\na003 OK [READ-WRITE] x\r\n"; pkg=imapserver; size=355; cid=19ddcc7016d; delta="444.516µs"; username=mox@localhost
trace: "S: * FLAGS (\\Seen \\Answered \\Flagged \\Deleted \\Draft $Forwarded $Junk $NotJunk $Phishing $MDNSent)\r\n* OK [PERMANENTFLAGS (\\Seen \\Answered \\Flagged \\Deleted \\Draft $Forwarded $Junk $NotJunk $Phishing $MDNSent \\*)] x\r\n* 0 RECENT\r\n* 50 EXISTS\r\n* OK [UNSEEN 1] x\r\n* OK [UIDVALIDITY 888762761] x\r\n* OK [UIDNEXT 51] x\r\n* LIST () \"/\" Inbox\r\na003 OK [READ-WRITE] x\r\n"; pkg=imapserver; size=355; cid=19ddcc70171; delta="376.288µs"; username=mox@localhost
debug: imap command done; pkg=imapserver; cmd=select; duration="393.871µs"; cid=19ddcc7016d; delta="26.761µs"; username=mox@localhost
debug: imap command done; pkg=imapserver; cmd=select; duration="384.974µs"; cid=19ddcc70171; delta="25.548µs"; username=mox@localhost
trace: "C: a003 SELECT INBOX\r\n"; pkg=imapserver; size=19; cid=19ddcc7016e; delta=1.186692ms; username=mox@localhost
trace: "S: * FLAGS (\\Seen \\Answered \\Flagged \\Deleted \\Draft $Forwarded $Junk $NotJunk $Phishing $MDNSent)\r\n* OK [PERMANENTFLAGS (\\Seen \\Answered \\Flagged \\Deleted \\Draft $Forwarded $Junk $NotJunk $Phishing $MDNSent \\*)] x\r\n* 0 RECENT\r\n* 50 EXISTS\r\n* OK [UNSEEN 1] x\r\n* OK [UIDVALIDITY 888762761] x\r\n* OK [UIDNEXT 51] x\r\n* LIST () \"/\" Inbox\r\na003 OK [READ-WRITE] x\r\n"; pkg=imapserver; size=355; cid=19ddcc70170; delta="541.228µs"; username=mox@localhost
trace: "S: * FLAGS (\\Seen \\Answered \\Flagged \\Deleted \\Draft $Forwarded $Junk $NotJunk $Phishing $MDNSent)\r\n* OK [PERMANENTFLAGS (\\Seen \\Answered \\Flagged \\Deleted \\Draft $Forwarded $Junk $NotJunk $Phishing $MDNSent \\*)] x\r\n* 0 RECENT\r\n* 50 EXISTS\r\n* OK [UNSEEN 1] x\r\n* OK [UIDVALIDITY 888762761] x\r\n* OK [UIDNEXT 51] x\r\n* LIST () \"/\" Inbox\r\na003 OK [READ-WRITE] x\r\n"; pkg=imapserver; size=355; cid=19ddcc7016c; delta="549.835µs"; username=mox@localhost
debug: imap command done; pkg=imapserver; cmd=select; duration="557.088µs"; cid=19ddcc70170; delta="30.167µs"; username=mox@localhost
trace: "S: * FLAGS (\\Seen \\Answered \\Flagged \\Deleted \\Draft $Forwarded $Junk $NotJunk $Phishing $MDNSent)\r\n* OK [PERMANENTFLAGS (\\Seen \\Answered \\Flagged \\Deleted \\Draft $Forwarded $Junk $NotJunk $Phishing $MDNSent \\*)] x\r\n* 0 RECENT\r\n* 50 EXISTS\r\n* OK [UNSEEN 1] x\r\n* OK [UIDVALIDITY 888762761] x\r\n* OK [UIDNEXT 51] x\r\n* LIST () \"/\" Inbox\r\na003 OK [READ-WRITE] x\r\n"; pkg=imapserver; size=355; cid=19ddcc7016f; delta="564.903µs"; username=mox@localhost
debug: imap command done; pkg=imapserver; cmd=select; duration="560.325µs"; cid=19ddcc7016c; delta="24.526µs"; username=mox@localhost
debug: imap command done; pkg=imapserver; cmd=select; duration="577.908µs"; cid=19ddcc7016f; delta="33.353µs"; username=mox@localhost
trace: "S: * FLAGS (\\Seen \\Answered \\Flagged \\Deleted \\Draft $Forwarded $Junk $NotJunk $Phishing $MDNSent)\r\n* OK [PERMANENTFLAGS (\\Seen \\Answered \\Flagged \\Deleted \\Draft $Forwarded $Junk $NotJunk $Phishing $MDNSent \\*)] x\r\n* 0 RECENT\r\n* 50 EXISTS\r\n* OK [UNSEEN 1] x\r\n* OK [UIDVALIDITY 888762761] x\r\n* OK [UIDNEXT 51] x\r\n* LIST () \"/\" Inbox\r\na003 OK [READ-WRITE] x\r\n"; pkg=imapserver; size=355; cid=19ddcc7016a; delta="635.936µs"; username=mox@localhost
debug: imap command done; pkg=imapserver; cmd=select; duration="645.514µs"; cid=19ddcc7016a; delta="29.646µs"; username=mox@localhost
trace: "S: * FLAGS (\\Seen \\Answered \\Flagged \\Deleted \\Draft $Forwarded $Junk $NotJunk $Phishing $MDNSent)\r\n* OK [PERMANENTFLAGS (\\Seen \\Answered \\Flagged \\Deleted \\Draft $Forwarded $Junk $NotJunk $Phishing $MDNSent \\*)] x\r\n* 0 RECENT\r\n* 50 EXISTS\r\n* OK [UNSEEN 1] x\r\n* OK [UIDVALIDITY 888762761] x\r\n* OK [UIDNEXT 51] x\r\n* LIST () \"/\" Inbox\r\na003 OK [READ-WRITE] x\r\n"; pkg=imapserver; size=355; cid=19ddcc7016e; delta="479.021µs"; username=mox@localhost
debug: imap command done; pkg=imapserver; cmd=select; duration="487.677µs"; cid=19ddcc7016e; delta="23.635µs"; username=mox@localhost
trace: "C: a004 LOGOUT\r\n"; pkg=imapserver; size=13; cid=19ddcc7016b; delta=1.683196ms; username=mox@localhost
trace: "S: * BYE thanks\r\na004 OK LOGOUT done\r\n"; pkg=imapserver; size=35; cid=19ddcc7016b; delta="16.111µs"; username=mox@localhost
debug: imap command done; pkg=imapserver; cmd=logout; duration="30.257µs"; cid=19ddcc7016b; delta="28.353µs"; username=mox@localhost
info: connection closed; pkg=imapserver; cid=19ddcc7016b; delta="78.418µs"; username=mox@localhost
info: login attempt; pkg=imapserver; address=mox@localhost; account=mox; protocol=imap; authmech=login; result=ok; remoteip=192.168.1.42; localip=192.168.1.42; tls=; useragent=; tlspubkeyfp=; count=33; cid=19ddcc7016b; username=mox@localhost
trace: "C: a004 LOGOUT\r\n"; pkg=imapserver; size=13; cid=19ddcc70170; delta=1.372011ms; username=mox@localhost
trace: "S: * BYE thanks\r\na004 OK LOGOUT done\r\n"; pkg=imapserver; size=35; cid=19ddcc70170; delta="13.986µs"; username=mox@localhost
debug: imap command done; pkg=imapserver; cmd=logout; duration="18.284µs"; cid=19ddcc70170; delta="17.694µs"; username=mox@localhost
info: connection closed; pkg=imapserver; cid=19ddcc70170; delta="30.327µs"; username=mox@localhost
info: login attempt; pkg=imapserver; address=mox@localhost; account=mox; protocol=imap; authmech=login; result=ok; remoteip=192.168.1.42; localip=192.168.1.42; tls=; useragent=; tlspubkeyfp=; count=34; cid=19ddcc70170; username=mox@localhost
trace: "C: a004 LOGOUT\r\n"; pkg=imapserver; size=13; cid=19ddcc7016d; delta=1.64795ms; username=mox@localhost
trace: "S: * BYE thanks\r\na004 OK LOGOUT done\r\n"; pkg=imapserver; size=35; cid=19ddcc7016d; delta="14.186µs"; username=mox@localhost
debug: imap command done; pkg=imapserver; cmd=logout; duration="20.498µs"; cid=19ddcc7016d; delta="19.607µs"; username=mox@localhost
info: connection closed; pkg=imapserver; cid=19ddcc7016d; delta="35.627µs"; username=mox@localhost
info: login attempt; pkg=imapserver; address=mox@localhost; account=mox; protocol=imap; authmech=login; result=ok; remoteip=192.168.1.42; localip=192.168.1.42; tls=; useragent=; tlspubkeyfp=; count=35; cid=19ddcc7016d; username=mox@localhost
trace: "C: a004 LOGOUT\r\n"; pkg=imapserver; size=13; cid=19ddcc70171; delta=1.877542ms; username=mox@localhost
trace: "S: * BYE thanks\r\na004 OK LOGOUT done\r\n"; pkg=imapserver; size=35; cid=19ddcc70171; delta="22.833µs"; username=mox@localhost
debug: imap command done; pkg=imapserver; cmd=logout; duration="28.103µs"; cid=19ddcc70171; delta="20.268µs"; username=mox@localhost
info: connection closed; pkg=imapserver; cid=19ddcc70171; delta="41.618µs"; username=mox@localhost
info: login attempt; pkg=imapserver; address=mox@localhost; account=mox; protocol=imap; authmech=login; result=ok; remoteip=192.168.1.42; localip=192.168.1.42; tls=; useragent=; tlspubkeyfp=; count=36; cid=19ddcc70171; username=mox@localhost
trace: "C: a004 LOGOUT\r\n"; pkg=imapserver; size=13; cid=19ddcc7016c; delta=1.965798ms; username=mox@localhost
trace: "C: a004 LOGOUT\r\n"; pkg=imapserver; size=13; cid=19ddcc7016f; delta=1.965187ms; username=mox@localhost
trace: "S: * BYE thanks\r\na004 OK LOGOUT done\r\n"; pkg=imapserver; size=35; cid=19ddcc7016c; delta="17.343µs"; username=mox@localhost
trace: "S: * BYE thanks\r\na004 OK LOGOUT done\r\n"; pkg=imapserver; size=35; cid=19ddcc7016f; delta="11.912µs"; username=mox@localhost
debug: imap command done; pkg=imapserver; cmd=logout; duration="21.731µs"; cid=19ddcc7016f; delta="22.082µs"; username=mox@localhost
debug: imap command done; pkg=imapserver; cmd=logout; duration="32.892µs"; cid=19ddcc7016c; delta="33.302µs"; username=mox@localhost
info: connection closed; pkg=imapserver; cid=19ddcc7016f; delta="39.143µs"; username=mox@localhost
trace: "C: a004 LOGOUT\r\n"; pkg=imapserver; size=13; cid=19ddcc7016a; delta=1.974414ms; username=mox@localhost
info: connection closed; pkg=imapserver; cid=19ddcc7016c; delta="52.148µs"; username=mox@localhost
trace: "S: * BYE thanks\r\na004 OK LOGOUT done\r\n"; pkg=imapserver; size=35; cid=19ddcc7016a; delta="20.91µs"; username=mox@localhost
debug: imap command done; pkg=imapserver; cmd=logout; duration="35.507µs"; cid=19ddcc7016a; delta="36.418µs"; username=mox@localhost
info: connection closed; pkg=imapserver; cid=19ddcc7016a; delta="47.139µs"; username=mox@localhost
info: login attempt; pkg=imapserver; address=mox@localhost; account=mox; protocol=imap; authmech=login; result=ok; remoteip=192.168.1.42; localip=192.168.1.42; tls=; useragent=; tlspubkeyfp=; count=37; cid=19ddcc7016f; username=mox@localhost
info: login attempt; pkg=imapserver; address=mox@localhost; account=mox; protocol=imap; authmech=login; result=ok; remoteip=192.168.1.42; localip=192.168.1.42; tls=; useragent=; tlspubkeyfp=; count=38; cid=19ddcc7016c; username=mox@localhost
info: login attempt; pkg=imapserver; address=mox@localhost; account=mox; protocol=imap; authmech=login; result=ok; remoteip=192.168.1.42; localip=192.168.1.42; tls=; useragent=; tlspubkeyfp=; count=39; cid=19ddcc7016a; username=mox@localhost
trace: "C: a004 LOGOUT\r\n"; pkg=imapserver; size=13; cid=19ddcc7016e; delta=2.104599ms; username=mox@localhost
trace: "S: * BYE thanks\r\na004 OK LOGOUT done\r\n"; pkg=imapserver; size=35; cid=19ddcc7016e; delta="18.044µs"; username=mox@localhost
debug: imap command done; pkg=imapserver; cmd=logout; duration="29.115µs"; cid=19ddcc7016e; delta="30.417µs"; username=mox@localhost
info: connection closed; pkg=imapserver; cid=19ddcc7016e; delta="106.16µs"; username=mox@localhost
info: login attempt; pkg=imapserver; address=mox@localhost; account=mox; protocol=imap; authmech=login; result=ok; remoteip=192.168.1.42; localip=192.168.1.42; tls=; useragent=; tlspubkeyfp=; count=40; cid=19ddcc7016e; username=mox@localhost
info: new connection; pkg=imapserver; remote=192.168.1.42:41812; local=192.168.1.42:1143; tls=false; viahttps=false; listener=local; cid=19ddcc70172; delta="48.962µs"
trace: "S: * OK [CAPABILITY IMAP4rev2 IMAP4rev1 ENABLE LITERAL+ IDLE SASL-IR BINARY UNSELECT UIDPLUS ESEARCH SEARCHRES MOVE UTF8=ACCEPT LIST-EXTENDED SPECIAL-USE CREATE-SPECIAL-USE LIST-STATUS AUTH=SCRAM-SHA-256-PLUS AUTH=SCRAM-SHA-256 AUTH=SCRAM-SHA-1-PLUS AUTH=SCRAM-SHA-1 AUTH=CRAM-MD5 ID APPENDLIMIT=9223372036854775807 CONDSTORE QRESYNC STATUS=SIZE QUOTA QUOTA=RES-STORAGE METADATA SAVEDATE WITHIN NAMESPACE LIST-METADATA MULTIAPPEND REPLACE PREVIEW INPROGRESS MULTISEARCH NOTIFY UIDONLY STARTTLS AUTH=PLAIN] mox imap\r\n"; pkg=imapserver; size=513; cid=19ddcc70172; delta="32.131µs"
info: new connection; pkg=imapserver; remote=192.168.1.42:41818; local=192.168.1.42:1143; tls=false; viahttps=false; listener=local; cid=19ddcc70173; delta="32.12µs"
trace: "S: * OK [CAPABILITY IMAP4rev2 IMAP4rev1 ENABLE LITERAL+ IDLE SASL-IR BINARY UNSELECT UIDPLUS ESEARCH SEARCHRES MOVE UTF8=ACCEPT LIST-EXTENDED SPECIAL-USE CREATE-SPECIAL-USE LIST-STATUS AUTH=SCRAM-SHA-256-PLUS AUTH=SCRAM-SHA-256 AUTH=SCRAM-SHA-1-PLUS AUTH=SCRAM-SHA-1 AUTH=CRAM-MD5 ID APPENDLIMIT=9223372036854775807 CONDSTORE QRESYNC STATUS=SIZE QUOTA QUOTA=RES-STORAGE METADATA SAVEDATE WITHIN NAMESPACE LIST-METADATA MULTIAPPEND REPLACE PREVIEW INPROGRESS MULTISEARCH NOTIFY UIDONLY STARTTLS AUTH=PLAIN] mox imap\r\n"; pkg=imapserver; size=513; cid=19ddcc70173; delta="22.182µs"
info: new connection; pkg=imapserver; remote=192.168.1.42:41826; local=192.168.1.42:1143; tls=false; viahttps=false; listener=local; cid=19ddcc70174; delta="20.338µs"
trace: "S: * OK [CAPABILITY IMAP4rev2 IMAP4rev1 ENABLE LITERAL+ IDLE SASL-IR BINARY UNSELECT UIDPLUS ESEARCH SEARCHRES MOVE UTF8=ACCEPT LIST-EXTENDED SPECIAL-USE CREATE-SPECIAL-USE LIST-STATUS AUTH=SCRAM-SHA-256-PLUS AUTH=SCRAM-SHA-256 AUTH=SCRAM-SHA-1-PLUS AUTH=SCRAM-SHA-1 AUTH=CRAM-MD5 ID APPENDLIMIT=9223372036854775807 CONDSTORE QRESYNC STATUS=SIZE QUOTA QUOTA=RES-STORAGE METADATA SAVEDATE WITHIN NAMESPACE LIST-METADATA MULTIAPPEND REPLACE PREVIEW INPROGRESS MULTISEARCH NOTIFY UIDONLY STARTTLS AUTH=PLAIN] mox imap\r\n"; pkg=imapserver; size=513; cid=19ddcc70174; delta="47.6µs"
info: new connection; pkg=imapserver; remote=192.168.1.42:41832; local=192.168.1.42:1143; tls=false; viahttps=false; listener=local; cid=19ddcc70175; delta="29.165µs"
trace: "S: * OK [CAPABILITY IMAP4rev2 IMAP4rev1 ENABLE LITERAL+ IDLE SASL-IR BINARY UNSELECT UIDPLUS ESEARCH SEARCHRES MOVE UTF8=ACCEPT LIST-EXTENDED SPECIAL-USE CREATE-SPECIAL-USE LIST-STATUS AUTH=SCRAM-SHA-256-PLUS AUTH=SCRAM-SHA-256 AUTH=SCRAM-SHA-1-PLUS AUTH=SCRAM-SHA-1 AUTH=CRAM-MD5 ID APPENDLIMIT=9223372036854775807 CONDSTORE QRESYNC STATUS=SIZE QUOTA QUOTA=RES-STORAGE METADATA SAVEDATE WITHIN NAMESPACE LIST-METADATA MULTIAPPEND REPLACE PREVIEW INPROGRESS MULTISEARCH NOTIFY UIDONLY STARTTLS AUTH=PLAIN] mox imap\r\n"; pkg=imapserver; size=513; cid=19ddcc70175; delta="16.331µs"
info: new connection; pkg=imapserver; remote=192.168.1.42:41848; local=192.168.1.42:1143; tls=false; viahttps=false; listener=local; cid=19ddcc70176; delta="29.425µs"
trace: "S: * OK [CAPABILITY IMAP4rev2 IMAP4rev1 ENABLE LITERAL+ IDLE SASL-IR BINARY UNSELECT UIDPLUS ESEARCH SEARCHRES MOVE UTF8=ACCEPT LIST-EXTENDED SPECIAL-USE CREATE-SPECIAL-USE LIST-STATUS AUTH=SCRAM-SHA-256-PLUS AUTH=SCRAM-SHA-256 AUTH=SCRAM-SHA-1-PLUS AUTH=SCRAM-SHA-1 AUTH=CRAM-MD5 ID APPENDLIMIT=9223372036854775807 CONDSTORE QRESYNC STATUS=SIZE QUOTA QUOTA=RES-STORAGE METADATA SAVEDATE WITHIN NAMESPACE LIST-METADATA MULTIAPPEND REPLACE PREVIEW INPROGRESS MULTISEARCH NOTIFY UIDONLY STARTTLS AUTH=PLAIN] mox imap\r\n"; pkg=imapserver; size=513; cid=19ddcc70176; delta="23.645µs"
info: new connection; pkg=imapserver; remote=192.168.1.42:41862; local=192.168.1.42:1143; tls=false; viahttps=false; listener=local; cid=19ddcc70177; delta="20.859µs"
trace: "S: * OK [CAPABILITY IMAP4rev2 IMAP4rev1 ENABLE LITERAL+ IDLE SASL-IR BINARY UNSELECT UIDPLUS ESEARCH SEARCHRES MOVE UTF8=ACCEPT LIST-EXTENDED SPECIAL-USE CREATE-SPECIAL-USE LIST-STATUS AUTH=SCRAM-SHA-256-PLUS AUTH=SCRAM-SHA-256 AUTH=SCRAM-SHA-1-PLUS AUTH=SCRAM-SHA-1 AUTH=CRAM-MD5 ID APPENDLIMIT=9223372036854775807 CONDSTORE QRESYNC STATUS=SIZE QUOTA QUOTA=RES-STORAGE METADATA SAVEDATE WITHIN NAMESPACE LIST-METADATA MULTIAPPEND REPLACE PREVIEW INPROGRESS MULTISEARCH NOTIFY UIDONLY STARTTLS AUTH=PLAIN] mox imap\r\n"; pkg=imapserver; size=513; cid=19ddcc70177; delta="15.509µs"
info: new connection; pkg=imapserver; remote=192.168.1.42:41866; local=192.168.1.42:1143; tls=false; viahttps=false; listener=local; cid=19ddcc70178; delta="19.767µs"
trace: "S: * OK [CAPABILITY IMAP4rev2 IMAP4rev1 ENABLE LITERAL+ IDLE SASL-IR BINARY UNSELECT UIDPLUS ESEARCH SEARCHRES MOVE UTF8=ACCEPT LIST-EXTENDED SPECIAL-USE CREATE-SPECIAL-USE LIST-STATUS AUTH=SCRAM-SHA-256-PLUS AUTH=SCRAM-SHA-256 AUTH=SCRAM-SHA-1-PLUS AUTH=SCRAM-SHA-1 AUTH=CRAM-MD5 ID APPENDLIMIT=9223372036854775807 CONDSTORE QRESYNC STATUS=SIZE QUOTA QUOTA=RES-STORAGE METADATA SAVEDATE WITHIN NAMESPACE LIST-METADATA MULTIAPPEND REPLACE PREVIEW INPROGRESS MULTISEARCH NOTIFY UIDONLY STARTTLS AUTH=PLAIN] mox imap\r\n"; pkg=imapserver; size=513; cid=19ddcc70178; delta="15.439µs"
info: new connection; pkg=imapserver; remote=192.168.1.42:41880; local=192.168.1.42:1143; tls=false; viahttps=false; listener=local; cid=19ddcc70179; delta="27.642µs"
trace: "S: * OK [CAPABILITY IMAP4rev2 IMAP4rev1 ENABLE LITERAL+ IDLE SASL-IR BINARY UNSELECT UIDPLUS ESEARCH SEARCHRES MOVE UTF8=ACCEPT LIST-EXTENDED SPECIAL-USE CREATE-SPECIAL-USE LIST-STATUS AUTH=SCRAM-SHA-256-PLUS AUTH=SCRAM-SHA-256 AUTH=SCRAM-SHA-1-PLUS AUTH=SCRAM-SHA-1 AUTH=CRAM-MD5 ID APPENDLIMIT=9223372036854775807 CONDSTORE QRESYNC STATUS=SIZE QUOTA QUOTA=RES-STORAGE METADATA SAVEDATE WITHIN NAMESPACE LIST-METADATA MULTIAPPEND REPLACE PREVIEW INPROGRESS MULTISEARCH NOTIFY UIDONLY STARTTLS AUTH=PLAIN] mox imap\r\n"; pkg=imapserver; size=513; cid=19ddcc70179; delta="28.113µs"
trace: "C: a001 LOGIN mox@localhost moxmoxmox\r\n"; pkg=imapserver; size=36; cid=19ddcc70172; delta=1.670432ms
trace: "C: a001 LOGIN mox@localhost moxmoxmox\r\n"; pkg=imapserver; size=36; cid=19ddcc70175; delta=1.630588ms
trace: "C: a001 LOGIN mox@localhost moxmoxmox\r\n"; pkg=imapserver; size=36; cid=19ddcc70174; delta=1.884645ms
trace: "C: a001 LOGIN mox@localhost moxmoxmox\r\n"; pkg=imapserver; size=36; cid=19ddcc70173; delta=2.02023ms
trace: "C: a001 LOGIN mox@localhost moxmoxmox\r\n"; pkg=imapserver; size=36; cid=19ddcc70177; delta=1.767174ms
trace: "C: a001 LOGIN mox@localhost moxmoxmox\r\n"; pkg=imapserver; size=36; cid=19ddcc70176; delta=2.100742ms
trace: "C: a001 LOGIN mox@localhost moxmoxmox\r\n"; pkg=imapserver; size=36; cid=19ddcc70178; delta=1.879416ms
trace: "C: a001 LOGIN mox@localhost moxmoxmox\r\n"; pkg=imapserver; size=36; cid=19ddcc70179; delta=1.969465ms
trace: "S: a001 OK [CAPABILITY IMAP4rev2 IMAP4rev1 ENABLE LITERAL+ IDLE SASL-IR BINARY UNSELECT UIDPLUS ESEARCH SEARCHRES MOVE UTF8=ACCEPT LIST-EXTENDED SPECIAL-USE CREATE-SPECIAL-USE LIST-STATUS AUTH=SCRAM-SHA-256-PLUS AUTH=SCRAM-SHA-256 AUTH=SCRAM-SHA-1-PLUS AUTH=SCRAM-SHA-1 AUTH=CRAM-MD5 ID APPENDLIMIT=9223372036854775807 CONDSTORE QRESYNC STATUS=SIZE QUOTA QUOTA=RES-STORAGE METADATA SAVEDATE WITHIN NAMESPACE LIST-METADATA MULTIAPPEND REPLACE PREVIEW INPROGRESS MULTISEARCH NOTIFY UIDONLY STARTTLS AUTH=PLAIN] login done\r\n"; pkg=imapserver; size=518; cid=19ddcc70172; delta=1.659642ms; username=mox@localhost
debug: imap command done; pkg=imapserver; cmd=login; duration=1.665353ms; cid=19ddcc70172; delta="19.076µs"; username=mox@localhost
trace: "S: a001 OK [CAPABILITY IMAP4rev2 IMAP4rev1 ENABLE LITERAL+ IDLE SASL-IR BINARY UNSELECT UIDPLUS ESEARCH SEARCHRES MOVE UTF8=ACCEPT LIST-EXTENDED SPECIAL-USE CREATE-SPECIAL-USE LIST-STATUS AUTH=SCRAM-SHA-256-PLUS AUTH=SCRAM-SHA-256 AUTH=SCRAM-SHA-1-PLUS AUTH=SCRAM-SHA-1 AUTH=CRAM-MD5 ID APPENDLIMIT=9223372036854775807 CONDSTORE QRESYNC STATUS=SIZE QUOTA QUOTA=RES-STORAGE METADATA SAVEDATE WITHIN NAMESPACE LIST-METADATA MULTIAPPEND REPLACE PREVIEW INPROGRESS MULTISEARCH NOTIFY UIDONLY STARTTLS AUTH=PLAIN] login done\r\n"; pkg=imapserver; size=518; cid=19ddcc70175; delta=1.328208ms; username=mox@localhost
debug: imap command done; pkg=imapserver; cmd=login; duration=1.317519ms; cid=19ddcc70175; delta="12.333µs"; username=mox@localhost
trace: "S: a001 OK [CAPABILITY IMAP4rev2 IMAP4rev1 ENABLE LITERAL+ IDLE SASL-IR BINARY UNSELECT UIDPLUS ESEARCH SEARCHRES MOVE UTF8=ACCEPT LIST-EXTENDED SPECIAL-USE CREATE-SPECIAL-USE LIST-STATUS AUTH=SCRAM-SHA-256-PLUS AUTH=SCRAM-SHA-256 AUTH=SCRAM-SHA-1-PLUS AUTH=SCRAM-SHA-1 AUTH=CRAM-MD5 ID APPENDLIMIT=9223372036854775807 CONDSTORE QRESYNC STATUS=SIZE QUOTA QUOTA=RES-STORAGE METADATA SAVEDATE WITHIN NAMESPACE LIST-METADATA MULTIAPPEND REPLACE PREVIEW INPROGRESS MULTISEARCH NOTIFY UIDONLY STARTTLS AUTH=PLAIN] login done\r\n"; pkg=imapserver; size=518; cid=19ddcc70176; delta="785.457µs"; username=mox@localhost
trace: "S: a001 OK [CAPABILITY IMAP4rev2 IMAP4rev1 ENABLE LITERAL+ IDLE SASL-IR BINARY UNSELECT UIDPLUS ESEARCH SEARCHRES MOVE UTF8=ACCEPT LIST-EXTENDED SPECIAL-USE CREATE-SPECIAL-USE LIST-STATUS AUTH=SCRAM-SHA-256-PLUS AUTH=SCRAM-SHA-256 AUTH=SCRAM-SHA-1-PLUS AUTH=SCRAM-SHA-1 AUTH=CRAM-MD5 ID APPENDLIMIT=9223372036854775807 CONDSTORE QRESYNC STATUS=SIZE QUOTA QUOTA=RES-STORAGE METADATA SAVEDATE WITHIN NAMESPACE LIST-METADATA MULTIAPPEND REPLACE PREVIEW INPROGRESS MULTISEARCH NOTIFY UIDONLY STARTTLS AUTH=PLAIN] login done\r\n"; pkg=imapserver; size=518; cid=19ddcc70174; delta=1.33933ms; username=mox@localhost
debug: imap command done; pkg=imapserver; cmd=login; duration="784.455µs"; cid=19ddcc70176; delta="11.552µs"; username=mox@localhost
trace: "S: a001 OK [CAPABILITY IMAP4rev2 IMAP4rev1 ENABLE LITERAL+ IDLE SASL-IR BINARY UNSELECT UIDPLUS ESEARCH SEARCHRES MOVE UTF8=ACCEPT LIST-EXTENDED SPECIAL-USE CREATE-SPECIAL-USE LIST-STATUS AUTH=SCRAM-SHA-256-PLUS AUTH=SCRAM-SHA-256 AUTH=SCRAM-SHA-1-PLUS AUTH=SCRAM-SHA-1 AUTH=CRAM-MD5 ID APPENDLIMIT=9223372036854775807 CONDSTORE QRESYNC STATUS=SIZE QUOTA QUOTA=RES-STORAGE METADATA SAVEDATE WITHIN NAMESPACE LIST-METADATA MULTIAPPEND REPLACE PREVIEW INPROGRESS MULTISEARCH NOTIFY UIDONLY STARTTLS AUTH=PLAIN] login done\r\n"; pkg=imapserver; size=518; cid=19ddcc70173; delta=1.351162ms; username=mox@localhost
trace: "S: a001 OK [CAPABILITY IMAP4rev2 IMAP4rev1 ENABLE LITERAL+ IDLE SASL-IR BINARY UNSELECT UIDPLUS ESEARCH SEARCHRES MOVE UTF8=ACCEPT LIST-EXTENDED SPECIAL-USE CREATE-SPECIAL-USE LIST-STATUS AUTH=SCRAM-SHA-256-PLUS AUTH=SCRAM-SHA-256 AUTH=SCRAM-SHA-1-PLUS AUTH=SCRAM-SHA-1 AUTH=CRAM-MD5 ID APPENDLIMIT=9223372036854775807 CONDSTORE QRESYNC STATUS=SIZE QUOTA QUOTA=RES-STORAGE METADATA SAVEDATE WITHIN NAMESPACE LIST-METADATA MULTIAPPEND REPLACE PREVIEW INPROGRESS MULTISEARCH NOTIFY UIDONLY STARTTLS AUTH=PLAIN] login done\r\n"; pkg=imapserver; size=518; cid=19ddcc70177; delta="966.228µs"; username=mox@localhost
debug: imap command done; pkg=imapserver; cmd=login; duration="965.115µs"; cid=19ddcc70177; delta="14.347µs"; username=mox@localhost
debug: imap command done; pkg=imapserver; cmd=login; duration=1.338348ms; cid=19ddcc70174; delta="20.488µs"; username=mox@localhost
debug: imap command done; pkg=imapserver; cmd=login; duration=1.344289ms; cid=19ddcc70173; delta="13.886µs"; username=mox@localhost
trace: "S: a001 OK [CAPABILITY IMAP4rev2 IMAP4rev1 ENABLE LITERAL+ IDLE SASL-IR BINARY UNSELECT UIDPLUS ESEARCH SEARCHRES MOVE UTF8=ACCEPT LIST-EXTENDED SPECIAL-USE CREATE-SPECIAL-USE LIST-STATUS AUTH=SCRAM-SHA-256-PLUS AUTH=SCRAM-SHA-256 AUTH=SCRAM-SHA-1-PLUS AUTH=SCRAM-SHA-1 AUTH=CRAM-MD5 ID APPENDLIMIT=9223372036854775807 CONDSTORE QRESYNC STATUS=SIZE QUOTA QUOTA=RES-STORAGE METADATA SAVEDATE WITHIN NAMESPACE LIST-METADATA MULTIAPPEND REPLACE PREVIEW INPROGRESS MULTISEARCH NOTIFY UIDONLY STARTTLS AUTH=PLAIN] login done\r\n"; pkg=imapserver; size=518; cid=19ddcc70178; delta="506.613µs"; username=mox@localhost
debug: imap command done; pkg=imapserver; cmd=login; duration="525.128µs"; cid=19ddcc70178; delta="31.118µs"; username=mox@localhost
trace: "S: a001 OK [CAPABILITY IMAP4rev2 IMAP4rev1 ENABLE LITERAL+ IDLE SASL-IR BINARY UNSELECT UIDPLUS ESEARCH SEARCHRES MOVE UTF8=ACCEPT LIST-EXTENDED SPECIAL-USE CREATE-SPECIAL-USE LIST-STATUS AUTH=SCRAM-SHA-256-PLUS AUTH=SCRAM-SHA-256 AUTH=SCRAM-SHA-1-PLUS AUTH=SCRAM-SHA-1 AUTH=CRAM-MD5 ID APPENDLIMIT=9223372036854775807 CONDSTORE QRESYNC STATUS=SIZE QUOTA QUOTA=RES-STORAGE METADATA SAVEDATE WITHIN NAMESPACE LIST-METADATA MULTIAPPEND REPLACE PREVIEW INPROGRESS MULTISEARCH NOTIFY UIDONLY STARTTLS AUTH=PLAIN] login done\r\n"; pkg=imapserver; size=518; cid=19ddcc70179; delta="406.906µs"; username=mox@localhost
debug: imap command done; pkg=imapserver; cmd=login; duration="427.745µs"; cid=19ddcc70179; delta="33.833µs"; username=mox@localhost
trace: "C: a002 LIST \"\" \"*\"\r\n"; pkg=imapserver; size=18; cid=19ddcc70173; delta=1.473933ms; username=mox@localhost
trace: "S: * LIST (\\Archive) \"/\" Archive\r\n* LIST (\\Drafts) \"/\" Drafts\r\n* LIST () \"/\" Inbox\r\n* LIST (\\Junk) \"/\" Junk\r\n* LIST (\\Sent) \"/\" Sent\r\n* LIST (\\Trash) \"/\" Trash\r\na002 OK LIST done\r\n"; pkg=imapserver; size=177; cid=19ddcc70173; delta="65.203µs"; username=mox@localhost
debug: imap command done; pkg=imapserver; cmd=list; duration="70.994µs"; cid=19ddcc70173; delta="16.892µs"; username=mox@localhost
trace: "C: a002 LIST \"\" \"*\"\r\n"; pkg=imapserver; size=18; cid=19ddcc70177; delta=1.557891ms; username=mox@localhost
trace: "C: a002 LIST \"\" \"*\"\r\n"; pkg=imapserver; size=18; cid=19ddcc70174; delta=1.595562ms; username=mox@localhost
trace: "S: * LIST (\\Archive) \"/\" Archive\r\n* LIST (\\Drafts) \"/\" Drafts\r\n* LIST () \"/\" Inbox\r\n* LIST (\\Junk) \"/\" Junk\r\n* LIST (\\Sent) \"/\" Sent\r\n* LIST (\\Trash) \"/\" Trash\r\na002 OK LIST done\r\n"; pkg=imapserver; size=177; cid=19ddcc70177; delta="39.785µs"; username=mox@localhost
debug: imap command done; pkg=imapserver; cmd=list; duration="44.704µs"; cid=19ddcc70177; delta="12.653µs"; username=mox@localhost
trace: "S: * LIST (\\Archive) \"/\" Archive\r\n* LIST (\\Drafts) \"/\" Drafts\r\n* LIST () \"/\" Inbox\r\n* LIST (\\Junk) \"/\" Junk\r\n* LIST (\\Sent) \"/\" Sent\r\n* LIST (\\Trash) \"/\" Trash\r\na002 OK LIST done\r\n"; pkg=imapserver; size=177; cid=19ddcc70174; delta="66.615µs"; username=mox@localhost
debug: imap command done; pkg=imapserver; cmd=list; duration="69.681µs"; cid=19ddcc70174; delta="15.629µs"; username=mox@localhost
trace: "C: a002 LIST \"\" \"*\"\r\n"; pkg=imapserver; size=18; cid=19ddcc70172; delta=1.896748ms; username=mox@localhost
trace: "S: * LIST (\\Archive) \"/\" Archive\r\n* LIST (\\Drafts) \"/\" Drafts\r\n* LIST () \"/\" Inbox\r\n* LIST (\\Junk) \"/\" Junk\r\n* LIST (\\Sent) \"/\" Sent\r\n* LIST (\\Trash) \"/\" Trash\r\na002 OK LIST done\r\n"; pkg=imapserver; size=177; cid=19ddcc70172; delta="36.459µs"; username=mox@localhost
debug: imap command done; pkg=imapserver; cmd=list; duration="43.843µs"; cid=19ddcc70172; delta="14.697µs"; username=mox@localhost
trace: "C: a002 LIST \"\" \"*\"\r\n"; pkg=imapserver; size=18; cid=19ddcc70176; delta=1.974555ms; username=mox@localhost
trace: "S: * LIST (\\Archive) \"/\" Archive\r\n* LIST (\\Drafts) \"/\" Drafts\r\n* LIST () \"/\" Inbox\r\n* LIST (\\Junk) \"/\" Junk\r\n* LIST (\\Sent) \"/\" Sent\r\n* LIST (\\Trash) \"/\" Trash\r\na002 OK LIST done\r\n"; pkg=imapserver; size=177; cid=19ddcc70176; delta="78.227µs"; username=mox@localhost
debug: imap command done; pkg=imapserver; cmd=list; duration="91.001µs"; cid=19ddcc70176; delta="25.738µs"; username=mox@localhost
trace: "C: a002 LIST \"\" \"*\"\r\n"; pkg=imapserver; size=18; cid=19ddcc70175; delta=2.125779ms; username=mox@localhost
trace: "C: a002 LIST \"\" \"*\"\r\n"; pkg=imapserver; size=18; cid=19ddcc70178; delta=2.016945ms; username=mox@localhost
trace: "C: a002 LIST \"\" \"*\"\r\n"; pkg=imapserver; size=18; cid=19ddcc70179; delta=1.959607ms; username=mox@localhost
trace: "S: * LIST (\\Archive) \"/\" Archive\r\n* LIST (\\Drafts) \"/\" Drafts\r\n* LIST () \"/\" Inbox\r\n* LIST (\\Junk) \"/\" Junk\r\n* LIST (\\Sent) \"/\" Sent\r\n* LIST (\\Trash) \"/\" Trash\r\na002 OK LIST done\r\n"; pkg=imapserver; size=177; cid=19ddcc70175; delta="72.156µs"; username=mox@localhost
debug: imap command done; pkg=imapserver; cmd=list; duration="79.75µs"; cid=19ddcc70175; delta="20.479µs"; username=mox@localhost
trace: "S: * LIST (\\Archive) \"/\" Archive\r\n* LIST (\\Drafts) \"/\" Drafts\r\n* LIST () \"/\" Inbox\r\n* LIST (\\Junk) \"/\" Junk\r\n* LIST (\\Sent) \"/\" Sent\r\n* LIST (\\Trash) \"/\" Trash\r\na002 OK LIST done\r\n"; pkg=imapserver; size=177; cid=19ddcc70178; delta="90.41µs"; username=mox@localhost
trace: "S: * LIST (\\Archive) \"/\" Archive\r\n* LIST (\\Drafts) \"/\" Drafts\r\n* LIST () \"/\" Inbox\r\n* LIST (\\Junk) \"/\" Junk\r\n* LIST (\\Sent) \"/\" Sent\r\n* LIST (\\Trash) \"/\" Trash\r\na002 OK LIST done\r\n"; pkg=imapserver; size=177; cid=19ddcc70179; delta="100.779µs"; username=mox@localhost
debug: imap command done; pkg=imapserver; cmd=list; duration="103.365µs"; cid=19ddcc70178; delta="29.044µs"; username=mox@localhost
debug: imap command done; pkg=imapserver; cmd=list; duration="110.959µs"; cid=19ddcc70179; delta="28.845µs"; username=mox@localhost
trace: "C: a003 SELECT INBOX\r\n"; pkg=imapserver; size=19; cid=19ddcc70174; delta="888.622µs"; username=mox@localhost
trace: "S: * FLAGS (\\Seen \\Answered \\Flagged \\Deleted \\Draft $Forwarded $Junk $NotJunk $Phishing $MDNSent)\r\n* OK [PERMANENTFLAGS (\\Seen \\Answered \\Flagged \\Deleted \\Draft $Forwarded $Junk $NotJunk $Phishing $MDNSent \\*)] x\r\n* 0 RECENT\r\n* 50 EXISTS\r\n* OK [UNSEEN 1] x\r\n* OK [UIDVALIDITY 888762761] x\r\n* OK [UIDNEXT 51] x\r\n* LIST () \"/\" Inbox\r\na003 OK [READ-WRITE] x\r\n"; pkg=imapserver; size=355; cid=19ddcc70174; delta="244.71µs"; username=mox@localhost
debug: imap command done; pkg=imapserver; cmd=select; duration="249.509µs"; cid=19ddcc70174; delta="14.177µs"; username=mox@localhost
trace: "C: a003 SELECT INBOX\r\n"; pkg=imapserver; size=19; cid=19ddcc70176; delta="779.547µs"; username=mox@localhost
trace: "C: a003 SELECT INBOX\r\n"; pkg=imapserver; size=19; cid=19ddcc70173; delta=1.283484ms; username=mox@localhost
trace: "C: a003 SELECT INBOX\r\n"; pkg=imapserver; size=19; cid=19ddcc70172; delta="998.97µs"; username=mox@localhost
trace: "C: a003 SELECT INBOX\r\n"; pkg=imapserver; size=19; cid=19ddcc70177; delta=1.220306ms; username=mox@localhost
trace: "C: a003 SELECT INBOX\r\n"; pkg=imapserver; size=19; cid=19ddcc70178; delta="798.242µs"; username=mox@localhost
trace: "S: * FLAGS (\\Seen \\Answered \\Flagged \\Deleted \\Draft $Forwarded $Junk $NotJunk $Phishing $MDNSent)\r\n* OK [PERMANENTFLAGS (\\Seen \\Answered \\Flagged \\Deleted \\Draft $Forwarded $Junk $NotJunk $Phishing $MDNSent \\*)] x\r\n* 0 RECENT\r\n* 50 EXISTS\r\n* OK [UNSEEN 1] x\r\n* OK [UIDVALIDITY 888762761] x\r\n* OK [UIDNEXT 51] x\r\n* LIST () \"/\" Inbox\r\na003 OK [READ-WRITE] x\r\n"; pkg=imapserver; size=355; cid=19ddcc70177; delta="342.394µs"; username=mox@localhost
debug: imap command done; pkg=imapserver; cmd=select; duration="349.288µs"; cid=19ddcc70177; delta="22.002µs"; username=mox@localhost
trace: "C: a003 SELECT INBOX\r\n"; pkg=imapserver; size=19; cid=19ddcc70179; delta=1.0046ms; username=mox@localhost
trace: "S: * FLAGS (\\Seen \\Answered \\Flagged \\Deleted \\Draft $Forwarded $Junk $NotJunk $Phishing $MDNSent)\r\n* OK [PERMANENTFLAGS (\\Seen \\Answered \\Flagged \\Deleted \\Draft $Forwarded $Junk $NotJunk $Phishing $MDNSent \\*)] x\r\n* 0 RECENT\r\n* 50 EXISTS\r\n* OK [UNSEEN 1] x\r\n* OK [UIDVALIDITY 888762761] x\r\n* OK [UIDNEXT 51] x\r\n* LIST () \"/\" Inbox\r\na003 OK [READ-WRITE] x\r\n"; pkg=imapserver; size=355; cid=19ddcc70172; delta="407.126µs"; username=mox@localhost
debug: imap command done; pkg=imapserver; cmd=select; duration="417.345µs"; cid=19ddcc70172; delta="25.558µs"; username=mox@localhost
trace: "C: a003 SELECT INBOX\r\n"; pkg=imapserver; size=19; cid=19ddcc70175; delta=1.080332ms; username=mox@localhost
trace: "S: * FLAGS (\\Seen \\Answered \\Flagged \\Deleted \\Draft $Forwarded $Junk $NotJunk $Phishing $MDNSent)\r\n* OK [PERMANENTFLAGS (\\Seen \\Answered \\Flagged \\Deleted \\Draft $Forwarded $Junk $NotJunk $Phishing $MDNSent \\*)] x\r\n* 0 RECENT\r\n* 50 EXISTS\r\n* OK [UNSEEN 1] x\r\n* OK [UIDVALIDITY 888762761] x\r\n* OK [UIDNEXT 51] x\r\n* LIST () \"/\" Inbox\r\na003 OK [READ-WRITE] x\r\n"; pkg=imapserver; size=355; cid=19ddcc70176; delta="483.459µs"; username=mox@localhost
trace: "S: * FLAGS (\\Seen \\Answered \\Flagged \\Deleted \\Draft $Forwarded $Junk $NotJunk $Phishing $MDNSent)\r\n* OK [PERMANENTFLAGS (\\Seen \\Answered \\Flagged \\Deleted \\Draft $Forwarded $Junk $NotJunk $Phishing $MDNSent \\*)] x\r\n* 0 RECENT\r\n* 50 EXISTS\r\n* OK [UNSEEN 1] x\r\n* OK [UIDVALIDITY 888762761] x\r\n* OK [UIDNEXT 51] x\r\n* LIST () \"/\" Inbox\r\na003 OK [READ-WRITE] x\r\n"; pkg=imapserver; size=355; cid=19ddcc70178; delta="331.364µs"; username=mox@localhost
debug: imap command done; pkg=imapserver; cmd=select; duration="496.985µs"; cid=19ddcc70176; delta="25.408µs"; username=mox@localhost
trace: "S: * FLAGS (\\Seen \\Answered \\Flagged \\Deleted \\Draft $Forwarded $Junk $NotJunk $Phishing $MDNSent)\r\n* OK [PERMANENTFLAGS (\\Seen \\Answered \\Flagged \\Deleted \\Draft $Forwarded $Junk $NotJunk $Phishing $MDNSent \\*)] x\r\n* 0 RECENT\r\n* 50 EXISTS\r\n* OK [UNSEEN 1] x\r\n* OK [UIDVALIDITY 888762761] x\r\n* OK [UIDNEXT 51] x\r\n* LIST () \"/\" Inbox\r\na003 OK [READ-WRITE] x\r\n"; pkg=imapserver; size=355; cid=19ddcc70173; delta="476.226µs"; username=mox@localhost
debug: imap command done; pkg=imapserver; cmd=select; duration="336.453µs"; cid=19ddcc70178; delta="22.402µs"; username=mox@localhost
debug: imap command done; pkg=imapserver; cmd=select; duration="509.629µs"; cid=19ddcc70173; delta="42.57µs"; username=mox@localhost
trace: "S: * FLAGS (\\Seen \\Answered \\Flagged \\Deleted \\Draft $Forwarded $Junk $NotJunk $Phishing $MDNSent)\r\n* OK [PERMANENTFLAGS (\\Seen \\Answered \\Flagged \\Deleted \\Draft $Forwarded $Junk $NotJunk $Phishing $MDNSent \\*)] x\r\n* 0 RECENT\r\n* 50 EXISTS\r\n* OK [UNSEEN 1] x\r\n* OK [UIDVALIDITY 888762761] x\r\n* OK [UIDNEXT 51] x\r\n* LIST () \"/\" Inbox\r\na003 OK [READ-WRITE] x\r\n"; pkg=imapserver; size=355; cid=19ddcc70179; delta="249.409µs"; username=mox@localhost
debug: imap command done; pkg=imapserver; cmd=select; duration="249.619µs"; cid=19ddcc70179; delta="11.531µs"; username=mox@localhost
trace: "S: * FLAGS (\\Seen \\Answered \\Flagged \\Deleted \\Draft $Forwarded $Junk $NotJunk $Phishing $MDNSent)\r\n* OK [PERMANENTFLAGS (\\Seen \\Answered \\Flagged \\Deleted \\Draft $Forwarded $Junk $NotJunk $Phishing $MDNSent \\*)] x\r\n* 0 RECENT\r\n* 50 EXISTS\r\n* OK [UNSEEN 1] x\r\n* OK [UIDVALIDITY 888762761] x\r\n* OK [UIDNEXT 51] x\r\n* LIST () \"/\" Inbox\r\na003 OK [READ-WRITE] x\r\n"; pkg=imapserver; size=355; cid=19ddcc70175; delta="260.45µs"; username=mox@localhost
debug: imap command done; pkg=imapserver; cmd=select; duration="230.173µs"; cid=19ddcc70175; delta="10.71µs"; username=mox@localhost
trace: "C: a004 LOGOUT\r\n"; pkg=imapserver; size=13; cid=19ddcc70174; delta=1.844179ms; username=mox@localhost
trace: "S: * BYE thanks\r\na004 OK LOGOUT done\r\n"; pkg=imapserver; size=35; cid=19ddcc70174; delta="16.792µs"; username=mox@localhost
debug: imap command done; pkg=imapserver; cmd=logout; duration="28.704µs"; cid=19ddcc70174; delta="29.576µs"; username=mox@localhost
info: connection closed; pkg=imapserver; cid=19ddcc70174; delta="47.239µs"; username=mox@localhost
trace: "C: a004 LOGOUT\r\n"; pkg=imapserver; size=13; cid=19ddcc70172; delta=1.528084ms; username=mox@localhost
trace: "S: * BYE thanks\r\na004 OK LOGOUT done\r\n"; pkg=imapserver; size=35; cid=19ddcc70172; delta="19.086µs"; username=mox@localhost
debug: imap command done; pkg=imapserver; cmd=logout; duration="25.077µs"; cid=19ddcc70172; delta="22.082µs"; username=mox@localhost
info: login attempt; pkg=imapserver; address=mox@localhost; account=mox; protocol=imap; authmech=login; result=ok; remoteip=192.168.1.42; localip=192.168.1.42; tls=; useragent=; tlspubkeyfp=; count=41; cid=19ddcc70174; username=mox@localhost
info: connection closed; pkg=imapserver; cid=19ddcc70172; delta="38.242µs"; username=mox@localhost
trace: "C: a004 LOGOUT\r\n"; pkg=imapserver; size=13; cid=19ddcc70176; delta=1.560937ms; username=mox@localhost
trace: "C: a004 LOGOUT\r\n"; pkg=imapserver; size=13; cid=19ddcc70178; delta=1.55228ms; username=mox@localhost
info: login attempt; pkg=imapserver; address=mox@localhost; account=mox; protocol=imap; authmech=login; result=ok; remoteip=192.168.1.42; localip=192.168.1.42; tls=; useragent=; tlspubkeyfp=; count=42; cid=19ddcc70172; username=mox@localhost
trace: "S: * BYE thanks\r\na004 OK LOGOUT done\r\n"; pkg=imapserver; size=35; cid=19ddcc70178; delta="82.134µs"; username=mox@localhost
trace: "S: * BYE thanks\r\na004 OK LOGOUT done\r\n"; pkg=imapserver; size=35; cid=19ddcc70176; delta="96.872µs"; username=mox@localhost
debug: imap command done; pkg=imapserver; cmd=logout; duration="18.115µs"; cid=19ddcc70178; delta="17.153µs"; username=mox@localhost
debug: imap command done; pkg=imapserver; cmd=logout; duration="105.598µs"; cid=19ddcc70176; delta="22.943µs"; username=mox@localhost
info: connection closed; pkg=imapserver; cid=19ddcc70178; delta="31.238µs"; username=mox@localhost
trace: "C: a004 LOGOUT\r\n"; pkg=imapserver; size=13; cid=19ddcc70173; delta=1.552621ms; username=mox@localhost
info: connection closed; pkg=imapserver; cid=19ddcc70176; delta="34.074µs"; username=mox@localhost
trace: "S: * BYE thanks\r\na004 OK LOGOUT done\r\n"; pkg=imapserver; size=35; cid=19ddcc70173; delta="156.364µs"; username=mox@localhost
debug: imap command done; pkg=imapserver; cmd=logout; duration="26.519µs"; cid=19ddcc70173; delta="24.296µs"; username=mox@localhost
info: connection closed; pkg=imapserver; cid=19ddcc70173; delta="40.566µs"; username=mox@localhost
info: login attempt; pkg=imapserver; address=mox@localhost; account=mox; protocol=imap; authmech=login; result=ok; remoteip=192.168.1.42; localip=192.168.1.42; tls=; useragent=; tlspubkeyfp=; count=43; cid=19ddcc70178; username=mox@localhost
info: login attempt; pkg=imapserver; address=mox@localhost; account=mox; protocol=imap; authmech=login; result=ok; remoteip=192.168.1.42; localip=192.168.1.42; tls=; useragent=; tlspubkeyfp=; count=44; cid=19ddcc70176; username=mox@localhost
info: login attempt; pkg=imapserver; address=mox@localhost; account=mox; protocol=imap; authmech=login; result=ok; remoteip=192.168.1.42; localip=192.168.1.42; tls=; useragent=; tlspubkeyfp=; count=45; cid=19ddcc70173; username=mox@localhost
trace: "C: a004 LOGOUT\r\n"; pkg=imapserver; size=13; cid=19ddcc70179; delta=1.89745ms; username=mox@localhost
trace: "S: * BYE thanks\r\na004 OK LOGOUT done\r\n"; pkg=imapserver; size=35; cid=19ddcc70179; delta="24.506µs"; username=mox@localhost
debug: imap command done; pkg=imapserver; cmd=logout; duration="24.246µs"; cid=19ddcc70179; delta="23.194µs"; username=mox@localhost
info: connection closed; pkg=imapserver; cid=19ddcc70179; delta="33.964µs"; username=mox@localhost
trace: "C: a004 LOGOUT\r\n"; pkg=imapserver; size=13; cid=19ddcc70177; delta=2.266533ms; username=mox@localhost
trace: "S: * BYE thanks\r\na004 OK LOGOUT done\r\n"; pkg=imapserver; size=35; cid=19ddcc70177; delta="19.136µs"; username=mox@localhost
debug: imap command done; pkg=imapserver; cmd=logout; duration="29.415µs"; cid=19ddcc70177; delta="27.091µs"; username=mox@localhost
info: connection closed; pkg=imapserver; cid=19ddcc70177; delta="32.011µs"; username=mox@localhost
info: login attempt; pkg=imapserver; address=mox@localhost; account=mox; protocol=imap; authmech=login; result=ok; remoteip=192.168.1.42; localip=192.168.1.42; tls=; useragent=; tlspubkeyfp=; count=46; cid=19ddcc70179; username=mox@localhost
trace: "C: a004 LOGOUT\r\n"; pkg=imapserver; size=13; cid=19ddcc70175; delta=2.059835ms; username=mox@localhost
info: login attempt; pkg=imapserver; address=mox@localhost; account=mox; protocol=imap; authmech=login; result=ok; remoteip=192.168.1.42; localip=192.168.1.42; tls=; useragent=; tlspubkeyfp=; count=47; cid=19ddcc70177; username=mox@localhost
trace: "S: * BYE thanks\r\na004 OK LOGOUT done\r\n"; pkg=imapserver; size=35; cid=19ddcc70175; delta="86.132µs"; username=mox@localhost
debug: imap command done; pkg=imapserver; cmd=logout; duration="33.874µs"; cid=19ddcc70175; delta="33.233µs"; username=mox@localhost
info: connection closed; pkg=imapserver; cid=19ddcc70175; delta="88.677µs"; username=mox@localhost
info: login attempt; pkg=imapserver; address=mox@localhost; account=mox; protocol=imap; authmech=login; result=ok; remoteip=192.168.1.42; localip=192.168.1.42; tls=; useragent=; tlspubkeyfp=; count=48; cid=19ddcc70175; username=mox@localhost
info: new connection; pkg=imapserver; remote=192.168.1.42:41892; local=192.168.1.42:1143; tls=false; viahttps=false; listener=local; cid=19ddcc7017a; delta="34.145µs"
trace: "S: * OK [CAPABILITY IMAP4rev2 IMAP4rev1 ENABLE LITERAL+ IDLE SASL-IR BINARY UNSELECT UIDPLUS ESEARCH SEARCHRES MOVE UTF8=ACCEPT LIST-EXTENDED SPECIAL-USE CREATE-SPECIAL-USE LIST-STATUS AUTH=SCRAM-SHA-256-PLUS AUTH=SCRAM-SHA-256 AUTH=SCRAM-SHA-1-PLUS AUTH=SCRAM-SHA-1 AUTH=CRAM-MD5 ID APPENDLIMIT=9223372036854775807 CONDSTORE QRESYNC STATUS=SIZE QUOTA QUOTA=RES-STORAGE METADATA SAVEDATE WITHIN NAMESPACE LIST-METADATA MULTIAPPEND REPLACE PREVIEW INPROGRESS MULTISEARCH NOTIFY UIDONLY STARTTLS AUTH=PLAIN] mox imap\r\n"; pkg=imapserver; size=513; cid=19ddcc7017a; delta="21.921µs"
info: new connection; pkg=imapserver; remote=192.168.1.42:41902; local=192.168.1.42:1143; tls=false; viahttps=false; listener=local; cid=19ddcc7017b; delta="31.059µs"
trace: "S: * OK [CAPABILITY IMAP4rev2 IMAP4rev1 ENABLE LITERAL+ IDLE SASL-IR BINARY UNSELECT UIDPLUS ESEARCH SEARCHRES MOVE UTF8=ACCEPT LIST-EXTENDED SPECIAL-USE CREATE-SPECIAL-USE LIST-STATUS AUTH=SCRAM-SHA-256-PLUS AUTH=SCRAM-SHA-256 AUTH=SCRAM-SHA-1-PLUS AUTH=SCRAM-SHA-1 AUTH=CRAM-MD5 ID APPENDLIMIT=9223372036854775807 CONDSTORE QRESYNC STATUS=SIZE QUOTA QUOTA=RES-STORAGE METADATA SAVEDATE WITHIN NAMESPACE LIST-METADATA MULTIAPPEND REPLACE PREVIEW INPROGRESS MULTISEARCH NOTIFY UIDONLY STARTTLS AUTH=PLAIN] mox imap\r\n"; pkg=imapserver; size=513; cid=19ddcc7017b; delta="53.05µs"
trace: "C: a001 LOGIN mox@localhost moxmoxmox\r\n"; pkg=imapserver; size=36; cid=19ddcc7017a; delta=1.225365ms
trace: "C: a001 LOGIN mox@localhost moxmoxmox\r\n"; pkg=imapserver; size=36; cid=19ddcc7017b; delta=1.958233ms
trace: "S: a001 OK [CAPABILITY IMAP4rev2 IMAP4rev1 ENABLE LITERAL+ IDLE SASL-IR BINARY UNSELECT UIDPLUS ESEARCH SEARCHRES MOVE UTF8=ACCEPT LIST-EXTENDED SPECIAL-USE CREATE-SPECIAL-USE LIST-STATUS AUTH=SCRAM-SHA-256-PLUS AUTH=SCRAM-SHA-256 AUTH=SCRAM-SHA-1-PLUS AUTH=SCRAM-SHA-1 AUTH=CRAM-MD5 ID APPENDLIMIT=9223372036854775807 CONDSTORE QRESYNC STATUS=SIZE QUOTA QUOTA=RES-STORAGE METADATA SAVEDATE WITHIN NAMESPACE LIST-METADATA MULTIAPPEND REPLACE PREVIEW INPROGRESS MULTISEARCH NOTIFY UIDONLY STARTTLS AUTH=PLAIN] login done\r\n"; pkg=imapserver; size=518; cid=19ddcc7017a; delta=1.622703ms; username=mox@localhost
trace: "S: a001 OK [CAPABILITY IMAP4rev2 IMAP4rev1 ENABLE LITERAL+ IDLE SASL-IR BINARY UNSELECT UIDPLUS ESEARCH SEARCHRES MOVE UTF8=ACCEPT LIST-EXTENDED SPECIAL-USE CREATE-SPECIAL-USE LIST-STATUS AUTH=SCRAM-SHA-256-PLUS AUTH=SCRAM-SHA-256 AUTH=SCRAM-SHA-1-PLUS AUTH=SCRAM-SHA-1 AUTH=CRAM-MD5 ID APPENDLIMIT=9223372036854775807 CONDSTORE QRESYNC STATUS=SIZE QUOTA QUOTA=RES-STORAGE METADATA SAVEDATE WITHIN NAMESPACE LIST-METADATA MULTIAPPEND REPLACE PREVIEW INPROGRESS MULTISEARCH NOTIFY UIDONLY STARTTLS AUTH=PLAIN] login done\r\n"; pkg=imapserver; size=518; cid=19ddcc7017b; delta="896.346µs"; username=mox@localhost
debug: imap command done; pkg=imapserver; cmd=login; duration=1.649162ms; cid=19ddcc7017a; delta="43.602µs"; username=mox@localhost
debug: imap command done; pkg=imapserver; cmd=login; duration="903.5µs"; cid=19ddcc7017b; delta="24.136µs"; username=mox@localhost
trace: "C: a002 LIST \"\" \"*\"\r\n"; pkg=imapserver; size=18; cid=19ddcc7017b; delta=1.310716ms; username=mox@localhost
trace: "S: * LIST (\\Archive) \"/\" Archive\r\n* LIST (\\Drafts) \"/\" Drafts\r\n* LIST () \"/\" Inbox\r\n* LIST (\\Junk) \"/\" Junk\r\n* LIST (\\Sent) \"/\" Sent\r\n* LIST (\\Trash) \"/\" Trash\r\na002 OK LIST done\r\n"; pkg=imapserver; size=177; cid=19ddcc7017b; delta="98.234µs"; username=mox@localhost
debug: imap command done; pkg=imapserver; cmd=list; duration="105.89µs"; cid=19ddcc7017b; delta="19.557µs"; username=mox@localhost
trace: "C: a002 LIST \"\" \"*\"\r\n"; pkg=imapserver; size=18; cid=19ddcc7017a; delta=1.457632ms; username=mox@localhost
trace: "S: * LIST (\\Archive) \"/\" Archive\r\n* LIST (\\Drafts) \"/\" Drafts\r\n* LIST () \"/\" Inbox\r\n* LIST (\\Junk) \"/\" Junk\r\n* LIST (\\Sent) \"/\" Sent\r\n* LIST (\\Trash) \"/\" Trash\r\na002 OK LIST done\r\n"; pkg=imapserver; size=177; cid=19ddcc7017a; delta="34.645µs"; username=mox@localhost
debug: imap command done; pkg=imapserver; cmd=list; duration="39.104µs"; cid=19ddcc7017a; delta="10.059µs"; username=mox@localhost
trace: "C: a003 SELECT INBOX\r\n"; pkg=imapserver; size=19; cid=19ddcc7017b; delta="559.903µs"; username=mox@localhost
trace: "S: * FLAGS (\\Seen \\Answered \\Flagged \\Deleted \\Draft $Forwarded $Junk $NotJunk $Phishing $MDNSent)\r\n* OK [PERMANENTFLAGS (\\Seen \\Answered \\Flagged \\Deleted \\Draft $Forwarded $Junk $NotJunk $Phishing $MDNSent \\*)] x\r\n* 0 RECENT\r\n* 50 EXISTS\r\n* OK [UNSEEN 1] x\r\n* OK [UIDVALIDITY 888762761] x\r\n* OK [UIDNEXT 51] x\r\n* LIST () \"/\" Inbox\r\na003 OK [READ-WRITE] x\r\n"; pkg=imapserver; size=355; cid=19ddcc7017b; delta="463.132µs"; username=mox@localhost
debug: imap command done; pkg=imapserver; cmd=select; duration="472.979µs"; cid=19ddcc7017b; delta="21.791µs"; username=mox@localhost
trace: "C: a003 SELECT INBOX\r\n"; pkg=imapserver; size=19; cid=19ddcc7017a; delta=1.003277ms; username=mox@localhost
trace: "S: * FLAGS (\\Seen \\Answered \\Flagged \\Deleted \\Draft $Forwarded $Junk $NotJunk $Phishing $MDNSent)\r\n* OK [PERMANENTFLAGS (\\Seen \\Answered \\Flagged \\Deleted \\Draft $Forwarded $Junk $NotJunk $Phishing $MDNSent \\*)] x\r\n* 0 RECENT\r\n* 50 EXISTS\r\n* OK [UNSEEN 1] x\r\n* OK [UIDVALIDITY 888762761] x\r\n* OK [UIDNEXT 51] x\r\n* LIST () \"/\" Inbox\r\na003 OK [READ-WRITE] x\r\n"; pkg=imapserver; size=355; cid=19ddcc7017a; delta="301.047µs"; username=mox@localhost
debug: imap command done; pkg=imapserver; cmd=select; duration="309.873µs"; cid=19ddcc7017a; delta="18.364µs"; username=mox@localhost
trace: "C: a004 LOGOUT\r\n"; pkg=imapserver; size=13; cid=19ddcc7017b; delta="944.997µs"; username=mox@localhost
trace: "S: * BYE thanks\r\na004 OK LOGOUT done\r\n"; pkg=imapserver; size=35; cid=19ddcc7017b; delta="6.162µs"; username=mox@localhost
debug: imap command done; pkg=imapserver; cmd=logout; duration="9.939µs"; cid=19ddcc7017b; delta="10.149µs"; username=mox@localhost
info: connection closed; pkg=imapserver; cid=19ddcc7017b; delta="29.997µs"; username=mox@localhost
info: login attempt; pkg=imapserver; address=mox@localhost; account=mox; protocol=imap; authmech=login; result=ok; remoteip=192.168.1.42; localip=192.168.1.42; tls=; useragent=; tlspubkeyfp=; count=49; cid=19ddcc7017b; username=mox@localhost
trace: "C: a004 LOGOUT\r\n"; pkg=imapserver; size=13; cid=19ddcc7017a; delta="954.726µs"; username=mox@localhost
trace: "S: * BYE thanks\r\na004 OK LOGOUT done\r\n"; pkg=imapserver; size=35; cid=19ddcc7017a; delta="6.723µs"; username=mox@localhost
debug: imap command done; pkg=imapserver; cmd=logout; duration="9.378µs"; cid=19ddcc7017a; delta="9.397µs"; username=mox@localhost
info: connection closed; pkg=imapserver; cid=19ddcc7017a; delta="43.943µs"; username=mox@localhost
info: login attempt; pkg=imapserver; address=mox@localhost; account=mox; protocol=imap; authmech=login; result=ok; remoteip=192.168.1.42; localip=192.168.1.42; tls=; useragent=; tlspubkeyfp=; count=50; cid=19ddcc7017a; username=mox@localhost
