$ podman logs --tail 240 edgerun-email-bench-postfix
Apr 30 06:36:22 benchmark postfix/local[1448]: 257BF8A8B9705: to=<bench@example.test>, relay=local, delay=226, delays=5/221/0/0, dsn=2.0.0, status=sent (delivered to mailbox)
Apr 30 06:36:22 benchmark postfix/qmgr[159]: 257BF8A8B9705: removed
Apr 30 06:36:22 benchmark postfix/qmgr[159]: 02DAB8AA8CEDE: from=<bench@example.test>, size=1414, nrcpt=1 (queue active)
Apr 30 06:36:22 benchmark postfix/local[1449]: 25F2F8A8B9706: to=<bench@example.test>, relay=local, delay=226, delays=5/221/0/0.01, dsn=2.0.0, status=sent (delivered to mailbox)
Apr 30 06:36:22 benchmark postfix/qmgr[159]: 25F2F8A8B9706: removed
Apr 30 06:36:22 benchmark postfix/qmgr[159]: 031018AA8CEDF: from=<bench@example.test>, size=1414, nrcpt=1 (queue active)
Apr 30 06:36:22 benchmark postfix/local[1448]: 272C58A8B9707: to=<bench@example.test>, relay=local, delay=226, delays=5/221/0/0.01, dsn=2.0.0, status=sent (delivered to mailbox)
Apr 30 06:36:22 benchmark postfix/qmgr[159]: 272C58A8B9707: removed
Apr 30 06:36:22 benchmark postfix/qmgr[159]: 036068AA8CEE0: from=<bench@example.test>, size=1414, nrcpt=1 (queue active)
Apr 30 06:36:22 benchmark postfix/local[1449]: 28EAB8A8B9708: to=<bench@example.test>, relay=local, delay=226, delays=5/221/0/0.01, dsn=2.0.0, status=sent (delivered to mailbox)
Apr 30 06:36:22 benchmark postfix/qmgr[159]: 28EAB8A8B9708: removed
Apr 30 06:36:22 benchmark postfix/qmgr[159]: 05CCA8AA8CEE1: from=<bench@example.test>, size=1414, nrcpt=1 (queue active)
Apr 30 06:36:22 benchmark postfix/local[1448]: 297EA8A8B9709: to=<bench@example.test>, relay=local, delay=226, delays=5/221/0/0.01, dsn=2.0.0, status=sent (delivered to mailbox)
Apr 30 06:36:22 benchmark postfix/qmgr[159]: 297EA8A8B9709: removed
Apr 30 06:36:22 benchmark postfix/qmgr[159]: 063568AA8CEE2: from=<bench@example.test>, size=1414, nrcpt=1 (queue active)
Apr 30 06:36:22 benchmark postfix/local[1449]: 2A5168A8B970A: to=<bench@example.test>, relay=local, delay=226, delays=5/221/0/0.01, dsn=2.0.0, status=sent (delivered to mailbox)
Apr 30 06:36:22 benchmark postfix/qmgr[159]: 2A5168A8B970A: removed
Apr 30 06:36:22 benchmark postfix/qmgr[159]: 06A9F8AA8CEE3: from=<bench@example.test>, size=1414, nrcpt=1 (queue active)
Apr 30 06:36:22 benchmark postfix/local[1448]: 2AD8F8A8B970B: to=<bench@example.test>, relay=local, delay=226, delays=5/221/0/0.01, dsn=2.0.0, status=sent (delivered to mailbox)
Apr 30 06:36:22 benchmark postfix/qmgr[159]: 2AD8F8A8B970B: removed
Apr 30 06:36:22 benchmark postfix/qmgr[159]: 072A98AA8CEE4: from=<bench@example.test>, size=1414, nrcpt=1 (queue active)
Apr 30 06:36:22 benchmark postfix/local[1449]: 2B8AF8A8B970C: to=<bench@example.test>, relay=local, delay=226, delays=5/221/0/0.01, dsn=2.0.0, status=sent (delivered to mailbox)
Apr 30 06:36:22 benchmark postfix/qmgr[159]: 2B8AF8A8B970C: removed
Apr 30 06:36:22 benchmark postfix/qmgr[159]: B8AD68AA8C85B: from=<bench@example.test>, size=1415, nrcpt=1 (queue active)
Apr 30 06:36:22 benchmark postfix/local[1448]: 2BF678A8B970D: to=<bench@example.test>, relay=local, delay=226, delays=5/221/0/0, dsn=2.0.0, status=sent (delivered to mailbox)
Apr 30 06:36:22 benchmark postfix/qmgr[159]: 2BF678A8B970D: removed
Apr 30 06:36:22 benchmark postfix/qmgr[159]: B92798AA8C85C: from=<bench@example.test>, size=1415, nrcpt=1 (queue active)
Apr 30 06:36:22 benchmark postfix/local[1449]: 2C65F8A8B970E: to=<bench@example.test>, relay=local, delay=226, delays=5/221/0/0, dsn=2.0.0, status=sent (delivered to mailbox)
Apr 30 06:36:22 benchmark postfix/qmgr[159]: 2C65F8A8B970E: removed
Apr 30 06:36:22 benchmark postfix/qmgr[159]: BA9BE8AA69AE7: from=<bench@example.test>, size=1415, nrcpt=1 (queue active)
Apr 30 06:36:22 benchmark postfix/local[1448]: 2CEBB8A8B970F: to=<bench@example.test>, relay=local, delay=226, delays=5/221/0/0, dsn=2.0.0, status=sent (delivered to mailbox)
Apr 30 06:36:22 benchmark postfix/qmgr[159]: 2CEBB8A8B970F: removed
Apr 30 06:36:22 benchmark postfix/qmgr[159]: C57A18AA69AE8: from=<bench@example.test>, size=1415, nrcpt=1 (queue active)
Apr 30 06:36:22 benchmark postfix/local[1449]: 2E1A28A8B9710: to=<bench@example.test>, relay=local, delay=226, delays=5/221/0/0, dsn=2.0.0, status=sent (delivered to mailbox)
Apr 30 06:36:22 benchmark postfix/qmgr[159]: 2E1A28A8B9710: removed
Apr 30 06:36:22 benchmark postfix/qmgr[159]: CD9F98AA69AE9: from=<bench@example.test>, size=1415, nrcpt=1 (queue active)
Apr 30 06:36:22 benchmark postfix/local[1448]: 2E7E78A8B9711: to=<bench@example.test>, relay=local, delay=226, delays=5/221/0/0.01, dsn=2.0.0, status=sent (delivered to mailbox)
Apr 30 06:36:22 benchmark postfix/qmgr[159]: 2E7E78A8B9711: removed
Apr 30 06:36:22 benchmark postfix/qmgr[159]: D3DCA8AA69AEA: from=<bench@example.test>, size=1415, nrcpt=1 (queue active)
Apr 30 06:36:22 benchmark postfix/local[1449]: 2FC228A8B9712: to=<bench@example.test>, relay=local, delay=226, delays=5/221/0/0.01, dsn=2.0.0, status=sent (delivered to mailbox)
Apr 30 06:36:22 benchmark postfix/qmgr[159]: 2FC228A8B9712: removed
Apr 30 06:36:22 benchmark postfix/qmgr[159]: DB6E68AA69AEB: from=<bench@example.test>, size=1415, nrcpt=1 (queue active)
Apr 30 06:36:22 benchmark postfix/local[1448]: 30FB58A8B9713: to=<bench@example.test>, relay=local, delay=226, delays=5/221/0/0.01, dsn=2.0.0, status=sent (delivered to mailbox)
Apr 30 06:36:22 benchmark postfix/qmgr[159]: 30FB58A8B9713: removed
Apr 30 06:36:22 benchmark postfix/qmgr[159]: E057A8A910461: from=<bench@example.test>, size=1415, nrcpt=1 (queue active)
Apr 30 06:36:22 benchmark postfix/local[1449]: 3170F8A8B9714: to=<bench@example.test>, relay=local, delay=226, delays=5/221/0/0, dsn=2.0.0, status=sent (delivered to mailbox)
Apr 30 06:36:22 benchmark postfix/qmgr[159]: 3170F8A8B9714: removed
Apr 30 06:36:22 benchmark postfix/qmgr[159]: E7C8C8AA69AEC: from=<bench@example.test>, size=1413, nrcpt=1 (queue active)
Apr 30 06:36:22 benchmark postfix/local[1448]: 31F038A8B9715: to=<bench@example.test>, relay=local, delay=226, delays=5.1/221/0/0, dsn=2.0.0, status=sent (delivered to mailbox)
Apr 30 06:36:22 benchmark postfix/qmgr[159]: 31F038A8B9715: removed
Apr 30 06:36:22 benchmark postfix/qmgr[159]: EB98A8AA69AED: from=<bench@example.test>, size=1414, nrcpt=1 (queue active)
Apr 30 06:36:22 benchmark postfix/local[1449]: 3258D8A8B9716: to=<bench@example.test>, relay=local, delay=226, delays=5.1/221/0/0.01, dsn=2.0.0, status=sent (delivered to mailbox)
Apr 30 06:36:22 benchmark postfix/qmgr[159]: 3258D8A8B9716: removed
Apr 30 06:36:22 benchmark postfix/qmgr[159]: 00B768AA69AEF: from=<bench@example.test>, size=1414, nrcpt=1 (queue active)
Apr 30 06:36:22 benchmark postfix/local[1448]: 3359F8A8B9717: to=<bench@example.test>, relay=local, delay=226, delays=5.1/221/0/0, dsn=2.0.0, status=sent (delivered to mailbox)
Apr 30 06:36:22 benchmark postfix/qmgr[159]: 3359F8A8B9717: removed
Apr 30 06:36:22 benchmark postfix/qmgr[159]: 0578B8AA69AF0: from=<bench@example.test>, size=1414, nrcpt=1 (queue active)
Apr 30 06:36:22 benchmark postfix/local[1449]: 33C808A8B9718: to=<bench@example.test>, relay=local, delay=226, delays=5.1/221/0/0, dsn=2.0.0, status=sent (delivered to mailbox)
Apr 30 06:36:22 benchmark postfix/qmgr[159]: 33C808A8B9718: removed
Apr 30 06:36:22 benchmark postfix/qmgr[159]: 0F1078A910462: from=<bench@example.test>, size=1415, nrcpt=1 (queue active)
Apr 30 06:36:22 benchmark postfix/local[1448]: 3515A8A8B9719: to=<bench@example.test>, relay=local, delay=226, delays=5.1/221/0/0.01, dsn=2.0.0, status=sent (delivered to mailbox)
Apr 30 06:36:22 benchmark postfix/qmgr[159]: 3515A8A8B9719: removed
Apr 30 06:36:22 benchmark postfix/qmgr[159]: 141C58AA69AF1: from=<bench@example.test>, size=1415, nrcpt=1 (queue active)
Apr 30 06:36:22 benchmark postfix/local[1449]: 357568A8B971A: to=<bench@example.test>, relay=local, delay=226, delays=5.1/221/0/0, dsn=2.0.0, status=sent (delivered to mailbox)
Apr 30 06:36:22 benchmark postfix/qmgr[159]: 357568A8B971A: removed
Apr 30 06:36:22 benchmark postfix/qmgr[159]: 1BAF48AA69AF2: from=<bench@example.test>, size=1415, nrcpt=1 (queue active)
Apr 30 06:36:22 benchmark postfix/local[1448]: 35F0E8A8B971B: to=<bench@example.test>, relay=local, delay=226, delays=5.1/221/0/0.01, dsn=2.0.0, status=sent (delivered to mailbox)
Apr 30 06:36:22 benchmark postfix/qmgr[159]: 35F0E8A8B971B: removed
Apr 30 06:36:22 benchmark postfix/qmgr[159]: 1F6AC8AA69AF3: from=<bench@example.test>, size=1415, nrcpt=1 (queue active)
Apr 30 06:36:22 benchmark postfix/local[1449]: 366118A8B971C: to=<bench@example.test>, relay=local, delay=226, delays=5.1/221/0/0.01, dsn=2.0.0, status=sent (delivered to mailbox)
Apr 30 06:36:22 benchmark postfix/qmgr[159]: 366118A8B971C: removed
Apr 30 06:36:22 benchmark postfix/qmgr[159]: 2A72D8AA69AF4: from=<bench@example.test>, size=1415, nrcpt=1 (queue active)
Apr 30 06:36:22 benchmark postfix/local[1448]: 36E4D8A8B971D: to=<bench@example.test>, relay=local, delay=226, delays=5.1/221/0/0, dsn=2.0.0, status=sent (delivered to mailbox)
Apr 30 06:36:22 benchmark postfix/qmgr[159]: 36E4D8A8B971D: removed
Apr 30 06:36:22 benchmark postfix/qmgr[159]: 2AC2B8AA69AF5: from=<bench@example.test>, size=1415, nrcpt=1 (queue active)
Apr 30 06:36:22 benchmark postfix/local[1449]: 374C78A8B971E: to=<bench@example.test>, relay=local, delay=226, delays=5.1/221/0/0, dsn=2.0.0, status=sent (delivered to mailbox)
Apr 30 06:36:22 benchmark postfix/qmgr[159]: 374C78A8B971E: removed
Apr 30 06:36:22 benchmark postfix/qmgr[159]: 3682B8A910463: from=<bench@example.test>, size=1415, nrcpt=1 (queue active)
Apr 30 06:36:22 benchmark postfix/local[1448]: 37D6B8A8B971F: to=<bench@example.test>, relay=local, delay=226, delays=5.1/221/0/0, dsn=2.0.0, status=sent (delivered to mailbox)
Apr 30 06:36:22 benchmark postfix/qmgr[159]: 37D6B8A8B971F: removed
Apr 30 06:36:22 benchmark postfix/qmgr[159]: 38A478AA69AF6: from=<bench@example.test>, size=1415, nrcpt=1 (queue active)
Apr 30 06:36:22 benchmark postfix/local[1449]: 38C8D8A8B9720: to=<bench@example.test>, relay=local, delay=226, delays=5.1/221/0/0.01, dsn=2.0.0, status=sent (delivered to mailbox)
Apr 30 06:36:22 benchmark postfix/qmgr[159]: 38C8D8A8B9720: removed
Apr 30 06:36:22 benchmark postfix/qmgr[159]: 450D88AA69AF7: from=<bench@example.test>, size=1415, nrcpt=1 (queue active)
Apr 30 06:36:22 benchmark postfix/local[1448]: 395A88A8B9721: to=<bench@example.test>, relay=local, delay=226, delays=5.1/221/0/0.01, dsn=2.0.0, status=sent (delivered to mailbox)
Apr 30 06:36:22 benchmark postfix/qmgr[159]: 395A88A8B9721: removed
Apr 30 06:36:22 benchmark postfix/qmgr[159]: 451EC8AA69AF8: from=<bench@example.test>, size=1415, nrcpt=1 (queue active)
Apr 30 06:36:22 benchmark postfix/local[1449]: 39CA38A8B9722: to=<bench@example.test>, relay=local, delay=226, delays=5.1/221/0/0.01, dsn=2.0.0, status=sent (delivered to mailbox)
Apr 30 06:36:22 benchmark postfix/qmgr[159]: 39CA38A8B9722: removed
Apr 30 06:36:22 benchmark postfix/qmgr[159]: D33908AA69D30: from=<bench@example.test>, size=1415, nrcpt=1 (queue active)
Apr 30 06:36:22 benchmark postfix/local[1448]: 3A5E48A8B9723: to=<bench@example.test>, relay=local, delay=226, delays=5.1/221/0/0.01, dsn=2.0.0, status=sent (delivered to mailbox)
Apr 30 06:36:22 benchmark postfix/qmgr[159]: 3A5E48A8B9723: removed
Apr 30 06:36:22 benchmark postfix/qmgr[159]: D3B268AA69D31: from=<bench@example.test>, size=1415, nrcpt=1 (queue active)
Apr 30 06:36:22 benchmark postfix/local[1449]: 3CB1A8A8B9725: to=<bench@example.test>, relay=local, delay=226, delays=5.1/221/0/0.01, dsn=2.0.0, status=sent (delivered to mailbox)
Apr 30 06:36:22 benchmark postfix/qmgr[159]: 3CB1A8A8B9725: removed
Apr 30 06:36:22 benchmark postfix/qmgr[159]: D6AAD8AA69D33: from=<bench@example.test>, size=1415, nrcpt=1 (queue active)
Apr 30 06:36:22 benchmark postfix/local[1448]: 3D2108A8B9726: to=<bench@example.test>, relay=local, delay=226, delays=5.1/221/0/0.01, dsn=2.0.0, status=sent (delivered to mailbox)
Apr 30 06:36:22 benchmark postfix/qmgr[159]: 3D2108A8B9726: removed
Apr 30 06:36:22 benchmark postfix/qmgr[159]: D71738AA69D34: from=<bench@example.test>, size=1415, nrcpt=1 (queue active)
Apr 30 06:36:22 benchmark postfix/local[1449]: 3DA228A8B9727: to=<bench@example.test>, relay=local, delay=226, delays=5.2/221/0/0.01, dsn=2.0.0, status=sent (delivered to mailbox)
Apr 30 06:36:22 benchmark postfix/qmgr[159]: 3DA228A8B9727: removed
Apr 30 06:36:22 benchmark postfix/qmgr[159]: D78678AA69D35: from=<bench@example.test>, size=1415, nrcpt=1 (queue active)
Apr 30 06:36:22 benchmark postfix/local[1448]: 3E11E8A8B9728: to=<bench@example.test>, relay=local, delay=226, delays=5.2/221/0/0.01, dsn=2.0.0, status=sent (delivered to mailbox)
Apr 30 06:36:22 benchmark postfix/qmgr[159]: 3E11E8A8B9728: removed
Apr 30 06:36:22 benchmark postfix/qmgr[159]: D9A958AA69D36: from=<bench@example.test>, size=1415, nrcpt=1 (queue active)
Apr 30 06:36:22 benchmark postfix/local[1449]: 3E90C8A8B9729: to=<bench@example.test>, relay=local, delay=226, delays=5.2/221/0/0.01, dsn=2.0.0, status=sent (delivered to mailbox)
Apr 30 06:36:22 benchmark postfix/qmgr[159]: 3E90C8A8B9729: removed
Apr 30 06:36:22 benchmark postfix/qmgr[159]: D9B988AA69D37: from=<bench@example.test>, size=1415, nrcpt=1 (queue active)
Apr 30 06:36:22 benchmark postfix/local[1448]: 3EFFE8A8B972A: to=<bench@example.test>, relay=local, delay=226, delays=5.2/221/0/0.01, dsn=2.0.0, status=sent (delivered to mailbox)
Apr 30 06:36:22 benchmark postfix/qmgr[159]: 3EFFE8A8B972A: removed
Apr 30 06:36:22 benchmark postfix/qmgr[159]: DAC2C8AA69D38: from=<bench@example.test>, size=1415, nrcpt=1 (queue active)
Apr 30 06:36:22 benchmark postfix/local[1449]: 3F7DF8A8B972B: to=<bench@example.test>, relay=local, delay=226, delays=5.2/221/0/0, dsn=2.0.0, status=sent (delivered to mailbox)
Apr 30 06:36:22 benchmark postfix/qmgr[159]: 3F7DF8A8B972B: removed
Apr 30 06:36:22 benchmark postfix/qmgr[159]: DB3788AA69D39: from=<bench@example.test>, size=1415, nrcpt=1 (queue active)
Apr 30 06:36:22 benchmark postfix/local[1448]: 40AF08A8B972C: to=<bench@example.test>, relay=local, delay=226, delays=5.2/221/0/0.01, dsn=2.0.0, status=sent (delivered to mailbox)
Apr 30 06:36:22 benchmark postfix/qmgr[159]: 40AF08A8B972C: removed
Apr 30 06:36:22 benchmark postfix/qmgr[159]: DBD928AA69D3A: from=<bench@example.test>, size=1415, nrcpt=1 (queue active)
Apr 30 06:36:22 benchmark postfix/local[1449]: 424DD8A9394EA: to=<bench@example.test>, relay=local, delay=226, delays=5.2/221/0/0.01, dsn=2.0.0, status=sent (delivered to mailbox)
Apr 30 06:36:22 benchmark postfix/qmgr[159]: 424DD8A9394EA: removed
Apr 30 06:36:22 benchmark postfix/qmgr[159]: DC61D8AA69D3B: from=<bench@example.test>, size=1415, nrcpt=1 (queue active)
Apr 30 06:36:22 benchmark postfix/local[1448]: 42C678A9394EB: to=<bench@example.test>, relay=local, delay=226, delays=5.2/221/0/0.01, dsn=2.0.0, status=sent (delivered to mailbox)
Apr 30 06:36:22 benchmark postfix/qmgr[159]: 42C678A9394EB: removed
Apr 30 06:36:22 benchmark postfix/qmgr[159]: DCCF18AA69D3C: from=<bench@example.test>, size=1415, nrcpt=1 (queue active)
Apr 30 06:36:22 benchmark postfix/local[1449]: 434C88A9394EC: to=<bench@example.test>, relay=local, delay=226, delays=5.2/221/0/0.01, dsn=2.0.0, status=sent (delivered to mailbox)
Apr 30 06:36:22 benchmark postfix/qmgr[159]: 434C88A9394EC: removed
Apr 30 06:36:22 benchmark postfix/qmgr[159]: DDD8B8AA69D3D: from=<bench@example.test>, size=1415, nrcpt=1 (queue active)
Apr 30 06:36:22 benchmark postfix/local[1448]: 43C3C8A9394EE: to=<bench@example.test>, relay=local, delay=226, delays=5.2/221/0/0.01, dsn=2.0.0, status=sent (delivered to mailbox)
Apr 30 06:36:22 benchmark postfix/qmgr[159]: 43C3C8A9394EE: removed
Apr 30 06:36:22 benchmark postfix/qmgr[159]: DE3F58AA69D3E: from=<bench@example.test>, size=1415, nrcpt=1 (queue active)
Apr 30 06:36:22 benchmark postfix/local[1449]: 443958A9489A1: to=<bench@example.test>, relay=local, delay=226, delays=5.2/221/0/0.01, dsn=2.0.0, status=sent (delivered to mailbox)
Apr 30 06:36:22 benchmark postfix/qmgr[159]: 443958A9489A1: removed
Apr 30 06:36:22 benchmark postfix/qmgr[159]: DF76D8AA69D3F: from=<bench@example.test>, size=1415, nrcpt=1 (queue active)
Apr 30 06:36:22 benchmark postfix/local[1448]: 44B738A9489A2: to=<bench@example.test>, relay=local, delay=226, delays=5.2/221/0/0.01, dsn=2.0.0, status=sent (delivered to mailbox)
Apr 30 06:36:22 benchmark postfix/qmgr[159]: 44B738A9489A2: removed
Apr 30 06:36:22 benchmark postfix/qmgr[159]: E13C48AA69F00: from=<bench@example.test>, size=1415, nrcpt=1 (queue active)
Apr 30 06:36:22 benchmark postfix/local[1449]: 45D778A9489A3: to=<bench@example.test>, relay=local, delay=226, delays=5.2/221/0/0.01, dsn=2.0.0, status=sent (delivered to mailbox)
Apr 30 06:36:22 benchmark postfix/qmgr[159]: 45D778A9489A3: removed
Apr 30 06:36:22 benchmark postfix/qmgr[159]: E27498AA69F01: from=<bench@example.test>, size=1415, nrcpt=1 (queue active)
Apr 30 06:36:22 benchmark postfix/local[1448]: 464568A9489A4: to=<bench@example.test>, relay=local, delay=226, delays=5.2/221/0/0.01, dsn=2.0.0, status=sent (delivered to mailbox)
Apr 30 06:36:22 benchmark postfix/qmgr[159]: 464568A9489A4: removed
Apr 30 06:36:22 benchmark postfix/qmgr[159]: E3B6A8AA69F02: from=<bench@example.test>, size=1415, nrcpt=1 (queue active)
Apr 30 06:36:22 benchmark postfix/local[1449]: 473D68A9489A5: to=<bench@example.test>, relay=local, delay=226, delays=5.2/221/0/0.01, dsn=2.0.0, status=sent (delivered to mailbox)
Apr 30 06:36:22 benchmark postfix/qmgr[159]: 473D68A9489A5: removed
Apr 30 06:36:22 benchmark postfix/qmgr[159]: E42938AA69F03: from=<bench@example.test>, size=1415, nrcpt=1 (queue active)
Apr 30 06:36:22 benchmark postfix/local[1448]: 47B1D8A9489A6: to=<bench@example.test>, relay=local, delay=226, delays=5.2/221/0/0.01, dsn=2.0.0, status=sent (delivered to mailbox)
Apr 30 06:36:22 benchmark postfix/qmgr[159]: 47B1D8A9489A6: removed
Apr 30 06:36:22 benchmark postfix/qmgr[159]: E49598AA69F04: from=<bench@example.test>, size=1415, nrcpt=1 (queue active)
Apr 30 06:36:22 benchmark postfix/local[1449]: 484128A9489A7: to=<bench@example.test>, relay=local, delay=226, delays=5.2/221/0/0.01, dsn=2.0.0, status=sent (delivered to mailbox)
Apr 30 06:36:22 benchmark postfix/qmgr[159]: 484128A9489A7: removed
Apr 30 06:36:22 benchmark postfix/qmgr[159]: E667B8AA69F06: from=<bench@example.test>, size=1413, nrcpt=1 (queue active)
Apr 30 06:36:22 benchmark postfix/local[1448]: 48B6E8A9489A8: to=<bench@example.test>, relay=local, delay=226, delays=5.3/221/0/0.01, dsn=2.0.0, status=sent (delivered to mailbox)
Apr 30 06:36:22 benchmark postfix/qmgr[159]: 48B6E8A9489A8: removed
Apr 30 06:36:22 benchmark postfix/qmgr[159]: E6A368AA69F07: from=<bench@example.test>, size=1413, nrcpt=1 (queue active)
Apr 30 06:36:22 benchmark postfix/local[1449]: 492CD8A9489A9: to=<bench@example.test>, relay=local, delay=226, delays=5.3/221/0/0.01, dsn=2.0.0, status=sent (delivered to mailbox)
Apr 30 06:36:22 benchmark postfix/qmgr[159]: 492CD8A9489A9: removed
Apr 30 06:36:22 benchmark postfix/qmgr[159]: E71CA8AA69F08: from=<bench@example.test>, size=1413, nrcpt=1 (queue active)
Apr 30 06:36:22 benchmark postfix/local[1448]: 492F58A9489AA: to=<bench@example.test>, relay=local, delay=226, delays=5.3/221/0/0.01, dsn=2.0.0, status=sent (delivered to mailbox)
Apr 30 06:36:22 benchmark postfix/qmgr[159]: 492F58A9489AA: removed
Apr 30 06:36:22 benchmark postfix/qmgr[159]: E7A0C8AA69F09: from=<bench@example.test>, size=1413, nrcpt=1 (queue active)
Apr 30 06:36:22 benchmark postfix/local[1449]: 4A2938A9489AB: to=<bench@example.test>, relay=local, delay=226, delays=5.3/221/0/0.01, dsn=2.0.0, status=sent (delivered to mailbox)
Apr 30 06:36:22 benchmark postfix/qmgr[159]: 4A2938A9489AB: removed
Apr 30 06:36:22 benchmark postfix/qmgr[159]: E81968AA69F0A: from=<bench@example.test>, size=1413, nrcpt=1 (queue active)
Apr 30 06:36:22 benchmark postfix/local[1448]: 4B0B48A9489AC: to=<bench@example.test>, relay=local, delay=226, delays=5.3/221/0/0.01, dsn=2.0.0, status=sent (delivered to mailbox)
Apr 30 06:36:22 benchmark postfix/qmgr[159]: 4B0B48A9489AC: removed
Apr 30 06:36:22 benchmark postfix/qmgr[159]: E895A8AA69F0B: from=<bench@example.test>, size=1414, nrcpt=1 (queue active)
Apr 30 06:36:22 benchmark postfix/local[1449]: 4B6188A9489AD: to=<bench@example.test>, relay=local, delay=226, delays=5.3/221/0/0.01, dsn=2.0.0, status=sent (delivered to mailbox)
Apr 30 06:36:22 benchmark postfix/qmgr[159]: 4B6188A9489AD: removed
Apr 30 06:36:22 benchmark postfix/qmgr[159]: E91D68AA69F0C: from=<bench@example.test>, size=1414, nrcpt=1 (queue active)
Apr 30 06:36:22 benchmark postfix/local[1448]: 4BD778A9489AE: to=<bench@example.test>, relay=local, delay=226, delays=5.3/221/0/0.01, dsn=2.0.0, status=sent (delivered to mailbox)
Apr 30 06:36:22 benchmark postfix/qmgr[159]: 4BD778A9489AE: removed
Apr 30 06:36:22 benchmark postfix/qmgr[159]: EAEEB8AA69F0D: from=<bench@example.test>, size=1414, nrcpt=1 (queue active)
Apr 30 06:36:22 benchmark postfix/local[1449]: 4D1E88A9489AF: to=<bench@example.test>, relay=local, delay=226, delays=5.3/221/0/0.01, dsn=2.0.0, status=sent (delivered to mailbox)
Apr 30 06:36:22 benchmark postfix/qmgr[159]: 4D1E88A9489AF: removed
Apr 30 06:36:22 benchmark postfix/qmgr[159]: EB1E48AA69F0E: from=<bench@example.test>, size=1414, nrcpt=1 (queue active)
Apr 30 06:36:22 benchmark postfix/local[1448]: 4F7B28A9489B0: to=<bench@example.test>, relay=local, delay=226, delays=5.4/221/0/0.01, dsn=2.0.0, status=sent (delivered to mailbox)
Apr 30 06:36:22 benchmark postfix/qmgr[159]: 4F7B28A9489B0: removed
Apr 30 06:36:22 benchmark postfix/qmgr[159]: EBA038AA8C85D: from=<bench@example.test>, size=1414, nrcpt=1 (queue active)
Apr 30 06:36:22 benchmark postfix/local[1449]: 4FFC78A9489B1: to=<bench@example.test>, relay=local, delay=226, delays=5.4/221/0/0.01, dsn=2.0.0, status=sent (delivered to mailbox)
Apr 30 06:36:22 benchmark postfix/qmgr[159]: 4FFC78A9489B1: removed
Apr 30 06:36:22 benchmark postfix/qmgr[159]: EE60D8AA8C85E: from=<bench@example.test>, size=1414, nrcpt=1 (queue active)
Apr 30 06:36:22 benchmark postfix/local[1448]: 507CD8A9489B2: to=<bench@example.test>, relay=local, delay=226, delays=5.4/221/0/0.01, dsn=2.0.0, status=sent (delivered to mailbox)
Apr 30 06:36:22 benchmark postfix/qmgr[159]: 507CD8A9489B2: removed
Apr 30 06:36:22 benchmark postfix/qmgr[159]: EE6918AA8C85F: from=<bench@example.test>, size=1414, nrcpt=1 (queue active)
Apr 30 06:36:22 benchmark postfix/local[1449]: 50F7C8A9489B3: to=<bench@example.test>, relay=local, delay=226, delays=5.5/221/0/0.01, dsn=2.0.0, status=sent (delivered to mailbox)
Apr 30 06:36:22 benchmark postfix/qmgr[159]: 50F7C8A9489B3: removed
Apr 30 06:36:22 benchmark postfix/qmgr[159]: EE8B88AA8C860: from=<bench@example.test>, size=1414, nrcpt=1 (queue active)
Apr 30 06:36:22 benchmark postfix/local[1448]: 516A38A9489B4: to=<bench@example.test>, relay=local, delay=226, delays=5.5/221/0/0.01, dsn=2.0.0, status=sent (delivered to mailbox)
Apr 30 06:36:22 benchmark postfix/qmgr[159]: 516A38A9489B4: removed
Apr 30 06:36:22 benchmark postfix/qmgr[159]: EF75A8AA8C861: from=<bench@example.test>, size=1414, nrcpt=1 (queue active)
Apr 30 06:36:22 benchmark postfix/local[1449]: 51EA38A9489B5: to=<bench@example.test>, relay=local, delay=226, delays=5.6/221/0/0, dsn=2.0.0, status=sent (delivered to mailbox)
Apr 30 06:36:22 benchmark postfix/qmgr[159]: 51EA38A9489B5: removed
Apr 30 06:36:22 benchmark postfix/qmgr[159]: EFE718AA8C862: from=<bench@example.test>, size=1414, nrcpt=1 (queue active)
Apr 30 06:36:22 benchmark postfix/local[1448]: 525BC8A9489B6: to=<bench@example.test>, relay=local, delay=226, delays=5.6/221/0/0.01, dsn=2.0.0, status=sent (delivered to mailbox)
Apr 30 06:36:22 benchmark postfix/qmgr[159]: 525BC8A9489B6: removed
Apr 30 06:36:22 benchmark postfix/qmgr[159]: F05C68AA8C863: from=<bench@example.test>, size=1414, nrcpt=1 (queue active)
Apr 30 06:36:22 benchmark postfix/local[1449]: 538598A9489B7: to=<bench@example.test>, relay=local, delay=226, delays=5.6/221/0/0.01, dsn=2.0.0, status=sent (delivered to mailbox)
Apr 30 06:36:22 benchmark postfix/qmgr[159]: 538598A9489B7: removed
Apr 30 06:36:22 benchmark postfix/qmgr[159]: F09448AA8C864: from=<bench@example.test>, size=1414, nrcpt=1 (queue active)
Apr 30 06:36:22 benchmark postfix/local[1448]: 54EA48A9489B8: to=<bench@example.test>, relay=local, delay=226, delays=5.7/221/0/0.01, dsn=2.0.0, status=sent (delivered to mailbox)
Apr 30 06:36:22 benchmark postfix/qmgr[159]: 54EA48A9489B8: removed
Apr 30 06:36:22 benchmark postfix/qmgr[159]: F173B8AA8C865: from=<bench@example.test>, size=1414, nrcpt=1 (queue active)
Apr 30 06:36:22 benchmark postfix/local[1449]: 555968A9489B9: to=<bench@example.test>, relay=local, delay=226, delays=5.7/221/0/0.01, dsn=2.0.0, status=sent (delivered to mailbox)
Apr 30 06:36:22 benchmark postfix/qmgr[159]: 555968A9489B9: removed
Apr 30 06:36:22 benchmark postfix/qmgr[159]: F1EB28AA8C866: from=<bench@example.test>, size=1414, nrcpt=1 (queue active)
Apr 30 06:36:22 benchmark postfix/local[1448]: 55CF98A9489BA: to=<bench@example.test>, relay=local, delay=226, delays=5.7/221/0/0.01, dsn=2.0.0, status=sent (delivered to mailbox)
Apr 30 06:36:22 benchmark postfix/qmgr[159]: 55CF98A9489BA: removed
Apr 30 06:36:22 benchmark postfix/qmgr[159]: F26BB8AA8C867: from=<bench@example.test>, size=1414, nrcpt=1 (queue active)
Apr 30 06:36:22 benchmark postfix/local[1449]: 565808A9489BB: to=<bench@example.test>, relay=local, delay=226, delays=5.7/221/0/0.01, dsn=2.0.0, status=sent (delivered to mailbox)
Apr 30 06:36:22 benchmark postfix/qmgr[159]: 565808A9489BB: removed
Apr 30 06:36:22 benchmark postfix/qmgr[159]: F2E1E8AA8C868: from=<bench@example.test>, size=1414, nrcpt=1 (queue active)
Apr 30 06:36:22 benchmark postfix/local[1448]: 570BD8A9489BC: to=<bench@example.test>, relay=local, delay=226, delays=5.7/221/0/0.01, dsn=2.0.0, status=sent (delivered to mailbox)
Apr 30 06:36:22 benchmark postfix/qmgr[159]: 570BD8A9489BC: removed
Apr 30 06:36:22 benchmark postfix/qmgr[159]: 019768AA8C869: from=<bench@example.test>, size=1414, nrcpt=1 (queue active)
Apr 30 06:36:22 benchmark postfix/local[1449]: 57B458A9489BD: to=<bench@example.test>, relay=local, delay=226, delays=5.7/221/0/0.01, dsn=2.0.0, status=sent (delivered to mailbox)
Apr 30 06:36:22 benchmark postfix/qmgr[159]: 57B458A9489BD: removed
Apr 30 06:36:22 benchmark postfix/qmgr[159]: 02BA08AA8C86A: from=<bench@example.test>, size=1414, nrcpt=1 (queue active)
Apr 30 06:36:22 benchmark postfix/local[1448]: 58A568A9489BE: to=<bench@example.test>, relay=local, delay=226, delays=5.7/221/0/0.01, dsn=2.0.0, status=sent (delivered to mailbox)
Apr 30 06:36:22 benchmark postfix/qmgr[159]: 58A568A9489BE: removed
Apr 30 06:36:22 benchmark postfix/qmgr[159]: 02BC38AA8C86B: from=<bench@example.test>, size=1414, nrcpt=1 (queue active)
Apr 30 06:36:22 benchmark postfix/local[1449]: 5910D8A9489BF: to=<bench@example.test>, relay=local, delay=226, delays=5.7/221/0/0.01, dsn=2.0.0, status=sent (delivered to mailbox)
Apr 30 06:36:22 benchmark postfix/qmgr[159]: 5910D8A9489BF: removed
Apr 30 06:36:22 benchmark postfix/qmgr[159]: 02BE38AA8C86C: from=<bench@example.test>, size=1414, nrcpt=1 (queue active)
Apr 30 06:36:22 benchmark postfix/local[1448]: 598E98AA85140: to=<bench@example.test>, relay=local, delay=226, delays=5.7/221/0/0.01, dsn=2.0.0, status=sent (delivered to mailbox)
Apr 30 06:36:22 benchmark postfix/qmgr[159]: 598E98AA85140: removed
Apr 30 06:36:22 benchmark postfix/qmgr[159]: 02D8E8AA8C86D: from=<bench@example.test>, size=1414, nrcpt=1 (queue active)
Apr 30 06:36:22 benchmark postfix/local[1449]: 5BFBC8AA85141: to=<bench@example.test>, relay=local, delay=226, delays=5.7/221/0/0, dsn=2.0.0, status=sent (delivered to mailbox)
Apr 30 06:36:22 benchmark postfix/qmgr[159]: 5BFBC8AA85141: removed
Apr 30 06:36:22 benchmark postfix/qmgr[159]: 03D128AA8C86E: from=<bench@example.test>, size=1414, nrcpt=1 (queue active)
Apr 30 06:36:22 benchmark postfix/local[1448]: 5C8158AA85142: to=<bench@example.test>, relay=local, delay=226, delays=5.7/221/0/0, dsn=2.0.0, status=sent (delivered to mailbox)
Apr 30 06:36:22 benchmark postfix/qmgr[159]: 5C8158AA85142: removed
Apr 30 06:36:22 benchmark postfix/qmgr[159]: 0443B8AA8C86F: from=<bench@example.test>, size=1414, nrcpt=1 (queue active)
Apr 30 06:36:22 benchmark postfix/local[1449]: 5CF6F8AA85143: to=<bench@example.test>, relay=local, delay=226, delays=5.7/221/0/0.01, dsn=2.0.0, status=sent (delivered to mailbox)
Apr 30 06:36:22 benchmark postfix/qmgr[159]: 5CF6F8AA85143: removed
Apr 30 06:36:22 benchmark postfix/qmgr[159]: 0676C8AA8C870: from=<bench@example.test>, size=1414, nrcpt=1 (queue active)
Apr 30 06:36:22 benchmark postfix/local[1448]: 5D64E8AA85144: to=<bench@example.test>, relay=local, delay=226, delays=5.7/221/0/0.01, dsn=2.0.0, status=sent (delivered to mailbox)
Apr 30 06:36:22 benchmark postfix/qmgr[159]: 5D64E8AA85144: removed
Apr 30 06:36:22 benchmark postfix/qmgr[159]: 06D0B8AA8C871: from=<bench@example.test>, size=1414, nrcpt=1 (queue active)
Apr 30 06:36:22 benchmark postfix/local[1449]: 5DECA8AA85145: to=<bench@example.test>, relay=local, delay=226, delays=5.7/221/0/0.01, dsn=2.0.0, status=sent (delivered to mailbox)
Apr 30 06:36:22 benchmark postfix/qmgr[159]: 5DECA8AA85145: removed
Apr 30 06:36:22 benchmark postfix/qmgr[159]: 074878AA8C872: from=<bench@example.test>, size=1414, nrcpt=1 (queue active)
