$ podman images --format {{.Repository}}:{{.Tag}} {{.ID}} {{.Size}}
localhost/edgerun-email-bench-edgerun:latest 676e3ede6577 4.9 MB
<none>:<none> fb02aa6ee965 4.9 MB
<none>:<none> aa2a0ee5b88f 4.9 MB
<none>:<none> b8d3e9d5e282 283 MB
localhost/edgerun-email-bench-mox:latest 6714018b2259 47.1 MB
<none>:<none> 709292b5fc90 47.1 MB
<none>:<none> ce9baf040158 47.1 MB
<none>:<none> 3dc65b6c0909 47.1 MB
localhost/edgerun-email-bench-maddy:latest c2a7a57e00aa 58.1 MB
<none>:<none> 0a435a0abd31 47.1 MB
<none>:<none> 787b3b09fb9f 58 MB
<none>:<none> 6010475c67cc 47.1 MB
<none>:<none> cfc438d6e87d 58 MB
localhost/edgerun-email-bench-exim:latest c4d214f2987f 168 MB
<none>:<none> 2d8f184fa224 168 MB
<none>:<none> 4be0e7de0cdf 4.9 MB
<none>:<none> 896f70863cee 4.89 MB
<none>:<none> 7a24682edd86 4.89 MB
localhost/edgerun-email-bench-dovecot:latest d529d54d394d 143 MB
<none>:<none> 172bf4220801 143 MB
<none>:<none> 09bf0184c7e2 143 MB
<none>:<none> a7a4990065d8 143 MB
<none>:<none> fa290807e624 168 MB
localhost/edgerun-email-bench-postfix:latest dd6964e96714 130 MB
localhost/edgerun-email-bench-opensmtpd:latest f0c382611bc3 87.1 MB
docker.io/stalwartlabs/stalwart:latest 99d431d474df 283 MB
localhost/edgerun-email-bench-stalwart:latest 99d431d474df 283 MB
localhost/edgerun-ci:local 7d8e612ecfd1 1.76 GB
ghcr.io/catthehacker/ubuntu:act-latest 45ec6b6a9ab9 1.67 GB
docker.io/library/debian:trixie-slim babdb8c14969 81.1 MB
docker.io/foxcpp/maddy:latest badd5dcea780 57.8 MB
docker.io/library/alpine:3.19 83b2b6703a62 7.7 MB
r.xmox.nl/mox:latest 896944b01a03 47.1 MB
quay.io/podman/hello:latest 5dd467fce50b 787 kB
