$ ./scripts/benchmark-email-stack.sh --local
# Email Stack Benchmark Snapshot

host_os=CachyOS Linux unknown
kernel=Linux 7.0.2-1-cachyos x86_64 GNU/Linux
captured_at=2026-04-30T05:12:41Z
uptime=12:12:41 up 18:33,  1 user,  load average: 1.64, 1.04, 1.05

# Service memory

## Edgerun all-in-one server
unit=edgerun-server.service
active=inactive
ActiveState=inactive
SubState=dead
MainPID=0
MemoryCurrent=[not set]
MemoryPeak=[not set]
TasksCurrent=[not set]

## Postfix MTA
unit=postfix.service
active=inactive
ActiveState=inactive
SubState=dead
MainPID=0
MemoryCurrent=[not set]
MemoryPeak=[not set]
TasksCurrent=[not set]

## Dovecot IMAP/LMTP
unit=dovecot.service
active=inactive
ActiveState=inactive
SubState=dead
MainPID=0
MemoryCurrent=[not set]
MemoryPeak=[not set]
TasksCurrent=[not set]

## Exim MTA
unit=exim4.service
active=inactive
ActiveState=inactive
SubState=dead
MainPID=0
MemoryCurrent=[not set]
MemoryPeak=[not set]
TasksCurrent=[not set]

## OpenSMTPD MTA
unit=opensmtpd.service
active=inactive
ActiveState=inactive
SubState=dead
MainPID=0
MemoryCurrent=[not set]
MemoryPeak=[not set]
TasksCurrent=[not set]

## OpenSMTPD alternate unit
unit=smtpd.service
active=inactive
ActiveState=inactive
SubState=dead
MainPID=0
MemoryCurrent=[not set]
MemoryPeak=[not set]
TasksCurrent=[not set]

## Stalwart Mail Server
unit=stalwart-mail.service
active=inactive
ActiveState=inactive
SubState=dead
MainPID=0
MemoryCurrent=[not set]
MemoryPeak=[not set]
TasksCurrent=[not set]

## Stalwart alternate unit
unit=stalwart.service
active=inactive
ActiveState=inactive
SubState=dead
MainPID=0
MemoryCurrent=[not set]
MemoryPeak=[not set]
TasksCurrent=[not set]

# Installed binary sizes

## binary: edgerun-server
edgerun-server=not_installed

## binary: edgerun-mailq
edgerun-mailq=not_installed

## binary: edgerun-smtp-probe
edgerun-smtp-probe=not_installed

## binary: postfix
postfix=not_installed

## binary: postfix master
master=not_installed

## binary: dovecot
dovecot=not_installed

## binary: exim
exim=not_installed

## binary: exim4
exim4=not_installed

## binary: opensmtpd
smtpd=not_installed

## binary: stalwart-mail
stalwart-mail=not_installed

## binary: stalwart
stalwart=not_installed

# Listening mail/http processes
State  Recv-Q Send-Q Local Address:Port Peer Address:PortProcess
