$ ./scripts/benchmark-email-podman.sh config exim
FROM docker.io/library/debian:trixie-slim
ENV DEBIAN_FRONTEND=noninteractive
RUN apt-get update \
 && apt-get install -y --no-install-recommends exim4-daemon-light ca-certificates \
 && rm -rf /var/lib/apt/lists/* \
 && useradd -m -s /usr/sbin/nologin bench \
 && mkdir -p /var/spool/mail \
 && printf '%s\n' \
      'primary_hostname = benchmark.local' \
      'domainlist local_domains = example.test' \
      'hostlist relay_from_hosts = 127.0.0.1 : 10.0.0.0/8 : 172.16.0.0/12 : 192.168.0.0/16' \
      'acl_smtp_rcpt = acl_check_rcpt' \
      'begin acl' \
      'acl_check_rcpt:' \
      '  accept domains = +local_domains' \
      '  deny message = external delivery disabled in benchmark' \
      'begin routers' \
      'local_user:' \
      '  driver = accept' \
      '  domains = +local_domains' \
      '  check_local_user' \
      '  transport = local_delivery' \
      'begin transports' \
      'local_delivery:' \
      '  driver = appendfile' \
      '  file = /var/spool/mail/$local_part' \
      '  delivery_date_add' \
      '  envelope_to_add' \
      '  return_path_add' \
      'begin retry' \
      'begin rewrite' \
      'begin authenticators' \
      > /etc/exim4/benchmark.conf
EXPOSE 25
CMD ["sh", "-c", "exim -bd -C /etc/exim4/benchmark.conf && tail -f /dev/null"]
