4b783797de0663c3 smtp envelope evpid=a33e71df06a49804 from=<bench@example.test> to=<bench@example.test>
4b783797de0663c3 smtp disconnected reason=quit
4b7837965c07681f smtp disconnected reason=quit
4b7837986387e248 smtp message msgid=bf97ece2 size=1361 nrcpt=1 proto=ESMTP
4b7837986387e248 smtp envelope evpid=bf97ece2054eee2e from=<bench@example.test> to=<bench@example.test>
4b783799938dc06f mda delivery evpid=c16ab88ecd75a038 from=<bench@example.test> to=<bench@example.test> rcpt=<bench@example.test> user=bench delay=0s result=Ok stat=Delivered
4b7837986387e248 smtp disconnected reason=quit
4b783799938dc06f mda delivery evpid=15c814c8e740c082 from=<bench@example.test> to=<bench@example.test> rcpt=<bench@example.test> user=bench delay=0s result=Ok stat=Delivered
4b783799938dc06f mda delivery evpid=a33e71df06a49804 from=<bench@example.test> to=<bench@example.test> rcpt=<bench@example.test> user=bench delay=0s result=Ok stat=Delivered
4b783799938dc06f mda delivery evpid=bf97ece2054eee2e from=<bench@example.test> to=<bench@example.test> rcpt=<bench@example.test> user=bench delay=0s result=Ok stat=Delivered
4b7837a1cf400bcb smtp connected address=172.245.67.49 host=mail.edgerun.tech
4b78379ef652311c smtp connected address=172.245.67.49 host=mail.edgerun.tech
4b78379f57fca524 smtp connected address=172.245.67.49 host=mail.edgerun.tech
4b7837a02e3e7b83 smtp connected address=172.245.67.49 host=mail.edgerun.tech
4b7837a1cf400bcb smtp message msgid=cafc22e8 size=1361 nrcpt=1 proto=ESMTP
4b7837a1cf400bcb smtp envelope evpid=cafc22e857570426 from=<bench@example.test> to=<bench@example.test>
4b7837a1cf400bcb smtp disconnected reason=quit
4b7837a265c6673f mda delivery evpid=cafc22e857570426 from=<bench@example.test> to=<bench@example.test> rcpt=<bench@example.test> user=bench delay=0s result=Ok stat=Delivered
4b78379f57fca524 smtp message msgid=a56a4c6b size=1361 nrcpt=1 proto=ESMTP
4b78379f57fca524 smtp envelope evpid=a56a4c6b3679ab69 from=<bench@example.test> to=<bench@example.test>
4b78379ef652311c smtp message msgid=1bdbbf7c size=1361 nrcpt=1 proto=ESMTP
4b78379ef652311c smtp envelope evpid=1bdbbf7c976d81d1 from=<bench@example.test> to=<bench@example.test>
4b78379f57fca524 smtp disconnected reason=quit
4b78379ef652311c smtp disconnected reason=quit
4b7837a02e3e7b83 smtp message msgid=707773eb size=1361 nrcpt=1 proto=ESMTP
4b7837a02e3e7b83 smtp envelope evpid=707773ebbb3afdcd from=<bench@example.test> to=<bench@example.test>
4b7837a02e3e7b83 smtp disconnected reason=quit
4b7837a49d20f56c mda delivery evpid=1bdbbf7c976d81d1 from=<bench@example.test> to=<bench@example.test> rcpt=<bench@example.test> user=bench delay=1s result=Ok stat=Delivered
4b7837a49d20f56c mda delivery evpid=a56a4c6b3679ab69 from=<bench@example.test> to=<bench@example.test> rcpt=<bench@example.test> user=bench delay=1s result=Ok stat=Delivered
4b7837a49d20f56c mda delivery evpid=707773ebbb3afdcd from=<bench@example.test> to=<bench@example.test> rcpt=<bench@example.test> user=bench delay=1s result=Ok stat=Delivered
4b7837a8565975dc smtp connected address=172.245.67.49 host=mail.edgerun.tech
4b7837a99d8c142c smtp connected address=172.245.67.49 host=mail.edgerun.tech
4b7837abd239bd51 smtp connected address=172.245.67.49 host=mail.edgerun.tech
4b7837aa26c5f920 smtp connected address=172.245.67.49 host=mail.edgerun.tech
4b7837a99d8c142c smtp message msgid=80447c05 size=1361 nrcpt=1 proto=ESMTP
4b7837a99d8c142c smtp envelope evpid=80447c05dea938d7 from=<bench@example.test> to=<bench@example.test>
4b7837a8565975dc smtp message msgid=2737d807 size=1361 nrcpt=1 proto=ESMTP
4b7837a8565975dc smtp envelope evpid=2737d807b1ebb9e1 from=<bench@example.test> to=<bench@example.test>
4b7837a8565975dc smtp disconnected reason=quit
4b7837a99d8c142c smtp disconnected reason=quit
4b7837abd239bd51 smtp message msgid=aabf1254 size=1361 nrcpt=1 proto=ESMTP
4b7837abd239bd51 smtp envelope evpid=aabf1254c3b25207 from=<bench@example.test> to=<bench@example.test>
4b7837acd76f20e6 mda delivery evpid=80447c05dea938d7 from=<bench@example.test> to=<bench@example.test> rcpt=<bench@example.test> user=bench delay=0s result=Ok stat=Delivered
4b7837abd239bd51 smtp disconnected reason=quit
4b7837acd76f20e6 mda delivery evpid=2737d807b1ebb9e1 from=<bench@example.test> to=<bench@example.test> rcpt=<bench@example.test> user=bench delay=0s result=Ok stat=Delivered
4b7837acd76f20e6 mda delivery evpid=aabf1254c3b25207 from=<bench@example.test> to=<bench@example.test> rcpt=<bench@example.test> user=bench delay=0s result=Ok stat=Delivered
4b7837aa26c5f920 smtp message msgid=bdbc3684 size=1361 nrcpt=1 proto=ESMTP
4b7837aa26c5f920 smtp envelope evpid=bdbc36842e7734d2 from=<bench@example.test> to=<bench@example.test>
4b7837aa26c5f920 smtp disconnected reason=quit
4b7837b033d357e8 mda delivery evpid=bdbc36842e7734d2 from=<bench@example.test> to=<bench@example.test> rcpt=<bench@example.test> user=bench delay=0s result=Ok stat=Delivered
4b7837b3f80d0e3c smtp connected address=172.245.67.49 host=mail.edgerun.tech
4b7837b41774b37e smtp connected address=172.245.67.49 host=mail.edgerun.tech
4b7837b2321f7ff0 smtp connected address=172.245.67.49 host=mail.edgerun.tech
4b7837b5faa4be63 smtp connected address=172.245.67.49 host=mail.edgerun.tech
4b7837b3f80d0e3c smtp message msgid=b84c658b size=1361 nrcpt=1 proto=ESMTP
4b7837b3f80d0e3c smtp envelope evpid=b84c658b1a3c1a5c from=<bench@example.test> to=<bench@example.test>
4b7837b41774b37e smtp message msgid=6680f720 size=1361 nrcpt=1 proto=ESMTP
4b7837b41774b37e smtp envelope evpid=6680f720c8ab19fa from=<bench@example.test> to=<bench@example.test>
4b7837b3f80d0e3c smtp disconnected reason=quit
4b7837b41774b37e smtp disconnected reason=quit
4b7837b622e1b572 mda delivery evpid=b84c658b1a3c1a5c from=<bench@example.test> to=<bench@example.test> rcpt=<bench@example.test> user=bench delay=0s result=Ok stat=Delivered
4b7837b622e1b572 mda delivery evpid=6680f720c8ab19fa from=<bench@example.test> to=<bench@example.test> rcpt=<bench@example.test> user=bench delay=0s result=Ok stat=Delivered
4b7837b2321f7ff0 smtp message msgid=fa11f51e size=1361 nrcpt=1 proto=ESMTP
4b7837b2321f7ff0 smtp envelope evpid=fa11f51edbe82c16 from=<bench@example.test> to=<bench@example.test>
4b7837b2321f7ff0 smtp disconnected reason=quit
4b7837b5faa4be63 smtp message msgid=b5bd66bd size=1361 nrcpt=1 proto=ESMTP
4b7837b5faa4be63 smtp envelope evpid=b5bd66bd0e4b55dd from=<bench@example.test> to=<bench@example.test>
4b7837b5faa4be63 smtp disconnected reason=quit
4b7837b9f6ab6887 mda delivery evpid=fa11f51edbe82c16 from=<bench@example.test> to=<bench@example.test> rcpt=<bench@example.test> user=bench delay=0s result=Ok stat=Delivered
4b7837b9f6ab6887 mda delivery evpid=b5bd66bd0e4b55dd from=<bench@example.test> to=<bench@example.test> rcpt=<bench@example.test> user=bench delay=0s result=Ok stat=Delivered
4b7837bc35729929 smtp connected address=172.245.67.49 host=mail.edgerun.tech
4b7837bd56b998b9 smtp connected address=172.245.67.49 host=mail.edgerun.tech
4b7837bf632048cf smtp connected address=172.245.67.49 host=mail.edgerun.tech
4b7837beac1f12ac smtp connected address=172.245.67.49 host=mail.edgerun.tech
4b7837bd56b998b9 smtp message msgid=66b79f11 size=1361 nrcpt=1 proto=ESMTP
4b7837bd56b998b9 smtp envelope evpid=66b79f113197b16e from=<bench@example.test> to=<bench@example.test>
4b7837bc35729929 smtp message msgid=3390071e size=1361 nrcpt=1 proto=ESMTP
4b7837bc35729929 smtp envelope evpid=3390071eeb12a336 from=<bench@example.test> to=<bench@example.test>
4b7837bd56b998b9 smtp disconnected reason=quit
4b7837bc35729929 smtp disconnected reason=quit
4b7837c08d9743a7 mda delivery evpid=66b79f113197b16e from=<bench@example.test> to=<bench@example.test> rcpt=<bench@example.test> user=bench delay=0s result=Ok stat=Delivered
4b7837c08d9743a7 mda delivery evpid=3390071eeb12a336 from=<bench@example.test> to=<bench@example.test> rcpt=<bench@example.test> user=bench delay=0s result=Ok stat=Delivered
4b7837beac1f12ac smtp message msgid=8fa5f417 size=1361 nrcpt=1 proto=ESMTP
4b7837beac1f12ac smtp envelope evpid=8fa5f4171328593b from=<bench@example.test> to=<bench@example.test>
4b7837bf632048cf smtp message msgid=099a54d9 size=1361 nrcpt=1 proto=ESMTP
4b7837bf632048cf smtp envelope evpid=099a54d9b7aecdd4 from=<bench@example.test> to=<bench@example.test>
4b7837beac1f12ac smtp disconnected reason=quit
4b7837bf632048cf smtp disconnected reason=quit
4b7837c399a5a6a9 mda delivery evpid=8fa5f4171328593b from=<bench@example.test> to=<bench@example.test> rcpt=<bench@example.test> user=bench delay=0s result=Ok stat=Delivered
4b7837c399a5a6a9 mda delivery evpid=099a54d9b7aecdd4 from=<bench@example.test> to=<bench@example.test> rcpt=<bench@example.test> user=bench delay=0s result=Ok stat=Delivered
4b7837c7e3924c0d smtp connected address=172.245.67.49 host=mail.edgerun.tech
4b7837c88889c3e2 smtp connected address=172.245.67.49 host=mail.edgerun.tech
4b7837c7e3924c0d smtp message msgid=a06c4f4e size=1361 nrcpt=1 proto=ESMTP
4b7837c7e3924c0d smtp envelope evpid=a06c4f4e71351fa8 from=<bench@example.test> to=<bench@example.test>
4b7837c7e3924c0d smtp disconnected reason=quit
4b7837c88889c3e2 smtp message msgid=f204c44a size=1361 nrcpt=1 proto=ESMTP
4b7837c88889c3e2 smtp envelope evpid=f204c44a54138ca8 from=<bench@example.test> to=<bench@example.test>
4b7837c88889c3e2 smtp disconnected reason=quit
4b7837c673fac6f4 smtp connected address=172.245.67.49 host=mail.edgerun.tech
4b7837ca80fab4ff mda delivery evpid=a06c4f4e71351fa8 from=<bench@example.test> to=<bench@example.test> rcpt=<bench@example.test> user=bench delay=0s result=Ok stat=Delivered
4b7837ca80fab4ff mda delivery evpid=f204c44a54138ca8 from=<bench@example.test> to=<bench@example.test> rcpt=<bench@example.test> user=bench delay=0s result=Ok stat=Delivered
4b7837c98f54ca34 smtp connected address=172.245.67.49 host=mail.edgerun.tech
4b7837c673fac6f4 smtp message msgid=0ad4eda1 size=1361 nrcpt=1 proto=ESMTP
4b7837c673fac6f4 smtp envelope evpid=0ad4eda19d7feade from=<bench@example.test> to=<bench@example.test>
4b7837c673fac6f4 smtp disconnected reason=quit
4b7837cd2fc0f33d mda delivery evpid=0ad4eda19d7feade from=<bench@example.test> to=<bench@example.test> rcpt=<bench@example.test> user=bench delay=0s result=Ok stat=Delivered
4b7837c98f54ca34 smtp message msgid=8171f143 size=1361 nrcpt=1 proto=ESMTP
4b7837c98f54ca34 smtp envelope evpid=8171f14389732846 from=<bench@example.test> to=<bench@example.test>
4b7837c98f54ca34 smtp disconnected reason=quit
4b7837cf7e38643c mda delivery evpid=8171f14389732846 from=<bench@example.test> to=<bench@example.test> rcpt=<bench@example.test> user=bench delay=0s result=Ok stat=Delivered
4b7837d363ad1ccd smtp connected address=172.245.67.49 host=mail.edgerun.tech
4b7837d20b16598f smtp connected address=172.245.67.49 host=mail.edgerun.tech
4b7837d40ff50024 smtp connected address=172.245.67.49 host=mail.edgerun.tech
4b7837d1109c6e92 smtp connected address=172.245.67.49 host=mail.edgerun.tech
4b7837d20b16598f smtp message msgid=0d86ca30 size=1361 nrcpt=1 proto=ESMTP
4b7837d20b16598f smtp envelope evpid=0d86ca30f33602a2 from=<bench@example.test> to=<bench@example.test>
4b7837d20b16598f smtp disconnected reason=quit
4b7837d363ad1ccd smtp message msgid=690d1cb7 size=1361 nrcpt=1 proto=ESMTP
4b7837d363ad1ccd smtp envelope evpid=690d1cb79bb26f87 from=<bench@example.test> to=<bench@example.test>
4b7837d40ff50024 smtp message msgid=6d7a6014 size=1361 nrcpt=1 proto=ESMTP
4b7837d40ff50024 smtp envelope evpid=6d7a601456d70e12 from=<bench@example.test> to=<bench@example.test>
4b7837d363ad1ccd smtp disconnected reason=quit
4b7837d40ff50024 smtp disconnected reason=quit
4b7837d53636a933 mda delivery evpid=0d86ca30f33602a2 from=<bench@example.test> to=<bench@example.test> rcpt=<bench@example.test> user=bench delay=0s result=Ok stat=Delivered
4b7837d7ba204093 mda delivery evpid=6d7a601456d70e12 from=<bench@example.test> to=<bench@example.test> rcpt=<bench@example.test> user=bench delay=0s result=Ok stat=Delivered
4b7837d7ba204093 mda delivery evpid=690d1cb79bb26f87 from=<bench@example.test> to=<bench@example.test> rcpt=<bench@example.test> user=bench delay=0s result=Ok stat=Delivered
4b7837d1109c6e92 smtp message msgid=2572470b size=1361 nrcpt=1 proto=ESMTP
4b7837d1109c6e92 smtp envelope evpid=2572470b9376ca0a from=<bench@example.test> to=<bench@example.test>
4b7837d1109c6e92 smtp disconnected reason=quit
4b7837da0d1b8d7f mda delivery evpid=2572470b9376ca0a from=<bench@example.test> to=<bench@example.test> rcpt=<bench@example.test> user=bench delay=0s result=Ok stat=Delivered
4b7837dce594334b smtp connected address=172.245.67.49 host=mail.edgerun.tech
4b7837dd05c89f62 smtp connected address=172.245.67.49 host=mail.edgerun.tech
4b7837de54ea32ed smtp connected address=172.245.67.49 host=mail.edgerun.tech
4b7837dfe2b97c6a smtp connected address=172.245.67.49 host=mail.edgerun.tech
4b7837dce594334b smtp message msgid=640c843d size=1361 nrcpt=1 proto=ESMTP
4b7837dce594334b smtp envelope evpid=640c843d23a12864 from=<bench@example.test> to=<bench@example.test>
4b7837dce594334b smtp disconnected reason=quit
4b7837e0f6e82abb mda delivery evpid=640c843d23a12864 from=<bench@example.test> to=<bench@example.test> rcpt=<bench@example.test> user=bench delay=0s result=Ok stat=Delivered
4b7837dd05c89f62 smtp message msgid=2aabc74d size=1361 nrcpt=1 proto=ESMTP
4b7837dd05c89f62 smtp envelope evpid=2aabc74d345ac1c6 from=<bench@example.test> to=<bench@example.test>
4b7837dd05c89f62 smtp disconnected reason=quit
4b7837dfe2b97c6a smtp message msgid=6bcd1d83 size=1361 nrcpt=1 proto=ESMTP
4b7837dfe2b97c6a smtp envelope evpid=6bcd1d83ddfc20df from=<bench@example.test> to=<bench@example.test>
4b7837de54ea32ed smtp message msgid=649de21a size=1361 nrcpt=1 proto=ESMTP
4b7837de54ea32ed smtp envelope evpid=649de21a632b10b7 from=<bench@example.test> to=<bench@example.test>
4b7837dfe2b97c6a smtp disconnected reason=quit
4b7837de54ea32ed smtp disconnected reason=quit
4b7837e2645a7476 mda delivery evpid=2aabc74d345ac1c6 from=<bench@example.test> to=<bench@example.test> rcpt=<bench@example.test> user=bench delay=0s result=Ok stat=Delivered
4b7837e2645a7476 mda delivery evpid=649de21a632b10b7 from=<bench@example.test> to=<bench@example.test> rcpt=<bench@example.test> user=bench delay=0s result=Ok stat=Delivered
4b7837e2645a7476 mda delivery evpid=6bcd1d83ddfc20df from=<bench@example.test> to=<bench@example.test> rcpt=<bench@example.test> user=bench delay=0s result=Ok stat=Delivered
4b7837e6564fed8c smtp connected address=172.245.67.49 host=mail.edgerun.tech
4b7837e93582422a smtp connected address=172.245.67.49 host=mail.edgerun.tech
4b7837e8e2d1aee4 smtp connected address=172.245.67.49 host=mail.edgerun.tech
4b7837e7166abfc0 smtp connected address=172.245.67.49 host=mail.edgerun.tech
4b7837e93582422a smtp message msgid=65dab7a1 size=1361 nrcpt=1 proto=ESMTP
4b7837e93582422a smtp envelope evpid=65dab7a100bbe938 from=<bench@example.test> to=<bench@example.test>
4b7837e6564fed8c smtp message msgid=947ae269 size=1361 nrcpt=1 proto=ESMTP
4b7837e6564fed8c smtp envelope evpid=947ae269f8a75969 from=<bench@example.test> to=<bench@example.test>
4b7837e93582422a smtp disconnected reason=quit
4b7837e6564fed8c smtp disconnected reason=quit
4b7837ea417ee079 mda delivery evpid=65dab7a100bbe938 from=<bench@example.test> to=<bench@example.test> rcpt=<bench@example.test> user=bench delay=0s result=Ok stat=Delivered
4b7837ea417ee079 mda delivery evpid=947ae269f8a75969 from=<bench@example.test> to=<bench@example.test> rcpt=<bench@example.test> user=bench delay=0s result=Ok stat=Delivered
4b7837e7166abfc0 smtp message msgid=7c89ef66 size=1361 nrcpt=1 proto=ESMTP
4b7837e7166abfc0 smtp envelope evpid=7c89ef6652663b5d from=<bench@example.test> to=<bench@example.test>
4b7837e8e2d1aee4 smtp message msgid=92770435 size=1361 nrcpt=1 proto=ESMTP
4b7837e8e2d1aee4 smtp envelope evpid=9277043510a66839 from=<bench@example.test> to=<bench@example.test>
4b7837e7166abfc0 smtp disconnected reason=quit
4b7837e8e2d1aee4 smtp disconnected reason=quit
4b7837eda0a0c488 mda delivery evpid=7c89ef6652663b5d from=<bench@example.test> to=<bench@example.test> rcpt=<bench@example.test> user=bench delay=0s result=Ok stat=Delivered
4b7837eda0a0c488 mda delivery evpid=9277043510a66839 from=<bench@example.test> to=<bench@example.test> rcpt=<bench@example.test> user=bench delay=0s result=Ok stat=Delivered
4b7837f0366efab2 smtp connected address=172.245.67.49 host=mail.edgerun.tech
4b7837f1c77f2131 smtp connected address=172.245.67.49 host=mail.edgerun.tech
4b7837f228fa4db2 smtp connected address=172.245.67.49 host=mail.edgerun.tech
4b7837f3e735a3fc smtp connected address=172.245.67.49 host=mail.edgerun.tech
4b7837f0366efab2 smtp message msgid=e06830da size=1361 nrcpt=1 proto=ESMTP
4b7837f0366efab2 smtp envelope evpid=e06830da2d56a1ea from=<bench@example.test> to=<bench@example.test>
4b7837f0366efab2 smtp disconnected reason=quit
4b7837f1c77f2131 smtp message msgid=1ae83bd2 size=1361 nrcpt=1 proto=ESMTP
4b7837f1c77f2131 smtp envelope evpid=1ae83bd2a90f1073 from=<bench@example.test> to=<bench@example.test>
4b7837f228fa4db2 smtp message msgid=681694a2 size=1361 nrcpt=1 proto=ESMTP
4b7837f228fa4db2 smtp envelope evpid=681694a283ac1be1 from=<bench@example.test> to=<bench@example.test>
4b7837f3e735a3fc smtp message msgid=8ed30111 size=1361 nrcpt=1 proto=ESMTP
4b7837f3e735a3fc smtp envelope evpid=8ed30111c7afdcf1 from=<bench@example.test> to=<bench@example.test>
4b7837f47916ef3a mda delivery evpid=e06830da2d56a1ea from=<bench@example.test> to=<bench@example.test> rcpt=<bench@example.test> user=bench delay=0s result=Ok stat=Delivered
4b7837f1c77f2131 smtp disconnected reason=quit
4b7837f228fa4db2 smtp disconnected reason=quit
4b7837f3e735a3fc smtp disconnected reason=quit
4b7837f6d793e368 mda delivery evpid=681694a283ac1be1 from=<bench@example.test> to=<bench@example.test> rcpt=<bench@example.test> user=bench delay=0s result=Ok stat=Delivered
4b7837f6d793e368 mda delivery evpid=1ae83bd2a90f1073 from=<bench@example.test> to=<bench@example.test> rcpt=<bench@example.test> user=bench delay=0s result=Ok stat=Delivered
4b7837f6d793e368 mda delivery evpid=8ed30111c7afdcf1 from=<bench@example.test> to=<bench@example.test> rcpt=<bench@example.test> user=bench delay=0s result=Ok stat=Delivered
4b7837fb3c6e0f2f smtp connected address=172.245.67.49 host=mail.edgerun.tech
4b7837fa7c8a665b smtp connected address=172.245.67.49 host=mail.edgerun.tech
4b7837fa7c8a665b smtp message msgid=009a4bb1 size=1361 nrcpt=1 proto=ESMTP
4b7837fa7c8a665b smtp envelope evpid=009a4bb1b39d9fde from=<bench@example.test> to=<bench@example.test>
4b7837fb3c6e0f2f smtp message msgid=978e77e4 size=1361 nrcpt=1 proto=ESMTP
4b7837fb3c6e0f2f smtp envelope evpid=978e77e46437ed95 from=<bench@example.test> to=<bench@example.test>
4b7837fb3c6e0f2f smtp disconnected reason=quit
4b7837fa7c8a665b smtp disconnected reason=quit
4b7837fcc66a025d mda delivery evpid=978e77e46437ed95 from=<bench@example.test> to=<bench@example.test> rcpt=<bench@example.test> user=bench delay=1s result=Ok stat=Delivered
4b7837fcc66a025d mda delivery evpid=009a4bb1b39d9fde from=<bench@example.test> to=<bench@example.test> rcpt=<bench@example.test> user=bench delay=1s result=Ok stat=Delivered
